=== Stable Bitflip Injector (No PIN_ExecuteAt Edition) ===
[TARGET] Found ADD instruction @0x7ff5c63d50d1
Instruction at 0x7ff5c63d50d1: add rdx, 0x10
[TARGET] Found ADD instruction @0x7ff5c63d50d1
Instruction at 0x7ff5c63d50d1: add rdx, 0x10
[TARGET] Found ADD instruction @0x7ff5c63d50d1
Instruction at 0x7ff5c63d50d1: add rdx, 0x10
[TARGET] Found ADD instruction @0x7ff5c63d5146
Instruction at 0x7ff5c63d5146: add qword ptr [rax+0x8], r12
[TARGET] Found ADD instruction @0x7ff5c63d5156
Instruction at 0x7ff5c63d5156: add qword ptr [rax+0x8], r12
[TARGET] Found ADD instruction @0x7ff5c63d5166
Instruction at 0x7ff5c63d5166: add qword ptr [rax+0x8], r12
[TARGET] Found ADD instruction @0x7ff5c63d5176
Instruction at 0x7ff5c63d5176: add qword ptr [rax+0x8], r12
[TARGET] Found ADD instruction @0x7ff5c63d5186
Instruction at 0x7ff5c63d5186: add qword ptr [rax+0x8], r12
[TARGET] Found ADD instruction @0x7ff5c63d5196
Instruction at 0x7ff5c63d5196: add qword ptr [rax+0x8], r12
[TARGET] Found ADD instruction @0x7ff5c63d51a6
Instruction at 0x7ff5c63d51a6: add qword ptr [rax+0x8], r12
[TARGET] Found ADD instruction @0x7ff5c63d51b6
Instruction at 0x7ff5c63d51b6: add qword ptr [rax+0x8], r12
[TARGET] Found ADD instruction @0x7ff5c63d531d
Instruction at 0x7ff5c63d531d: add rdi, rax
[TARGET] Found ADD instruction @0x7ff5c63d55ee
Instruction at 0x7ff5c63d55ee: add rdi, rsi
[TARGET] Found ADD instruction @0x7ff5c63d531d
Instruction at 0x7ff5c63d531d: add rdi, rax
[TARGET] Found ADD instruction @0x7ff5c63d5343
Instruction at 0x7ff5c63d5343: add rdx, r12
[TARGET] Found ADD instruction @0x7ff5c63d5354
Instruction at 0x7ff5c63d5354: add rax, 0x18
[TARGET] Found ADD instruction @0x7ff5c63d5358
Instruction at 0x7ff5c63d5358: add rcx, r12
[TARGET] Found ADD instruction @0x7ff5c63d5343
Instruction at 0x7ff5c63d5343: add rdx, r12
[TARGET] Found ADD instruction @0x7ff5c63d5354
Instruction at 0x7ff5c63d5354: add rax, 0x18
[TARGET] Found ADD instruction @0x7ff5c63d5358
Instruction at 0x7ff5c63d5358: add rcx, r12
