=== Stable Bitflip Injector (No PIN_ExecuteAt Edition) ===
[TARGET] Found ADD instruction @0x7fb24d1ef0d1
Instruction at 0x7fb24d1ef0d1: add rdx, 0x10
[TARGET] Found ADD instruction @0x7fb24d1ef0d1
Instruction at 0x7fb24d1ef0d1: add rdx, 0x10
[TARGET] Found ADD instruction @0x7fb24d1ef0d1
Instruction at 0x7fb24d1ef0d1: add rdx, 0x10
[TARGET] Found ADD instruction @0x7fb24d1ef146
Instruction at 0x7fb24d1ef146: add qword ptr [rax+0x8], r12
[TARGET] Found ADD instruction @0x7fb24d1ef156
Instruction at 0x7fb24d1ef156: add qword ptr [rax+0x8], r12
[TARGET] Found ADD instruction @0x7fb24d1ef166
Instruction at 0x7fb24d1ef166: add qword ptr [rax+0x8], r12
[TARGET] Found ADD instruction @0x7fb24d1ef176
Instruction at 0x7fb24d1ef176: add qword ptr [rax+0x8], r12
[TARGET] Found ADD instruction @0x7fb24d1ef186
Instruction at 0x7fb24d1ef186: add qword ptr [rax+0x8], r12
[TARGET] Found ADD instruction @0x7fb24d1ef196
Instruction at 0x7fb24d1ef196: add qword ptr [rax+0x8], r12
[TARGET] Found ADD instruction @0x7fb24d1ef1a6
Instruction at 0x7fb24d1ef1a6: add qword ptr [rax+0x8], r12
[TARGET] Found ADD instruction @0x7fb24d1ef1b6
Instruction at 0x7fb24d1ef1b6: add qword ptr [rax+0x8], r12
[TARGET] Found ADD instruction @0x7fb24d1ef31d
Instruction at 0x7fb24d1ef31d: add rdi, rax
[TARGET] Found ADD instruction @0x7fb24d1ef5ee
Instruction at 0x7fb24d1ef5ee: add rdi, rsi
[TARGET] Found ADD instruction @0x7fb24d1ef31d
Instruction at 0x7fb24d1ef31d: add rdi, rax
[TARGET] Found ADD instruction @0x7fb24d1ef343
Instruction at 0x7fb24d1ef343: add rdx, r12
[TARGET] Found ADD instruction @0x7fb24d1ef354
Instruction at 0x7fb24d1ef354: add rax, 0x18
[TARGET] Found ADD instruction @0x7fb24d1ef358
Instruction at 0x7fb24d1ef358: add rcx, r12
[TARGET] Found ADD instruction @0x7fb24d1ef343
Instruction at 0x7fb24d1ef343: add rdx, r12
[TARGET] Found ADD instruction @0x7fb24d1ef354
Instruction at 0x7fb24d1ef354: add rax, 0x18
[TARGET] Found ADD instruction @0x7fb24d1ef358
Instruction at 0x7fb24d1ef358: add rcx, r12
