=== Stable Bitflip Injector (No PIN_ExecuteAt Edition) ===
[TARGET] Found ADD instruction @0x7ff1096cc0d1
Instruction at 0x7ff1096cc0d1: add rdx, 0x10
[TARGET] Found ADD instruction @0x7ff1096cc0d1
Instruction at 0x7ff1096cc0d1: add rdx, 0x10
[TARGET] Found ADD instruction @0x7ff1096cc0d1
Instruction at 0x7ff1096cc0d1: add rdx, 0x10
[TARGET] Found ADD instruction @0x7ff1096cc146
Instruction at 0x7ff1096cc146: add qword ptr [rax+0x8], r12
[TARGET] Found ADD instruction @0x7ff1096cc156
Instruction at 0x7ff1096cc156: add qword ptr [rax+0x8], r12
[TARGET] Found ADD instruction @0x7ff1096cc166
Instruction at 0x7ff1096cc166: add qword ptr [rax+0x8], r12
[TARGET] Found ADD instruction @0x7ff1096cc176
Instruction at 0x7ff1096cc176: add qword ptr [rax+0x8], r12
[TARGET] Found ADD instruction @0x7ff1096cc186
Instruction at 0x7ff1096cc186: add qword ptr [rax+0x8], r12
[TARGET] Found ADD instruction @0x7ff1096cc196
Instruction at 0x7ff1096cc196: add qword ptr [rax+0x8], r12
[TARGET] Found ADD instruction @0x7ff1096cc1a6
Instruction at 0x7ff1096cc1a6: add qword ptr [rax+0x8], r12
[TARGET] Found ADD instruction @0x7ff1096cc1b6
Instruction at 0x7ff1096cc1b6: add qword ptr [rax+0x8], r12
[TARGET] Found ADD instruction @0x7ff1096cc31d
Instruction at 0x7ff1096cc31d: add rdi, rax
[TARGET] Found ADD instruction @0x7ff1096cc5ee
Instruction at 0x7ff1096cc5ee: add rdi, rsi
[TARGET] Found ADD instruction @0x7ff1096cc31d
Instruction at 0x7ff1096cc31d: add rdi, rax
[TARGET] Found ADD instruction @0x7ff1096cc343
Instruction at 0x7ff1096cc343: add rdx, r12
[TARGET] Found ADD instruction @0x7ff1096cc354
Instruction at 0x7ff1096cc354: add rax, 0x18
[TARGET] Found ADD instruction @0x7ff1096cc358
Instruction at 0x7ff1096cc358: add rcx, r12
[TARGET] Found ADD instruction @0x7ff1096cc343
Instruction at 0x7ff1096cc343: add rdx, r12
[TARGET] Found ADD instruction @0x7ff1096cc354
Instruction at 0x7ff1096cc354: add rax, 0x18
[TARGET] Found ADD instruction @0x7ff1096cc358
Instruction at 0x7ff1096cc358: add rcx, r12
