=== Stable Bitflip Injector (No PIN_ExecuteAt Edition) ===
[TARGET] Found ADD instruction @0x7f9ec109d0d1
Instruction at 0x7f9ec109d0d1: add rdx, 0x10
[TARGET] Found ADD instruction @0x7f9ec109d0d1
Instruction at 0x7f9ec109d0d1: add rdx, 0x10
[TARGET] Found ADD instruction @0x7f9ec109d0d1
Instruction at 0x7f9ec109d0d1: add rdx, 0x10
[TARGET] Found ADD instruction @0x7f9ec109d146
Instruction at 0x7f9ec109d146: add qword ptr [rax+0x8], r12
[TARGET] Found ADD instruction @0x7f9ec109d156
Instruction at 0x7f9ec109d156: add qword ptr [rax+0x8], r12
[TARGET] Found ADD instruction @0x7f9ec109d166
Instruction at 0x7f9ec109d166: add qword ptr [rax+0x8], r12
[TARGET] Found ADD instruction @0x7f9ec109d176
Instruction at 0x7f9ec109d176: add qword ptr [rax+0x8], r12
[TARGET] Found ADD instruction @0x7f9ec109d186
Instruction at 0x7f9ec109d186: add qword ptr [rax+0x8], r12
[TARGET] Found ADD instruction @0x7f9ec109d196
Instruction at 0x7f9ec109d196: add qword ptr [rax+0x8], r12
[TARGET] Found ADD instruction @0x7f9ec109d1a6
Instruction at 0x7f9ec109d1a6: add qword ptr [rax+0x8], r12
[TARGET] Found ADD instruction @0x7f9ec109d1b6
Instruction at 0x7f9ec109d1b6: add qword ptr [rax+0x8], r12
[TARGET] Found ADD instruction @0x7f9ec109d31d
Instruction at 0x7f9ec109d31d: add rdi, rax
[TARGET] Found ADD instruction @0x7f9ec109d5ee
Instruction at 0x7f9ec109d5ee: add rdi, rsi
[TARGET] Found ADD instruction @0x7f9ec109d31d
Instruction at 0x7f9ec109d31d: add rdi, rax
[TARGET] Found ADD instruction @0x7f9ec109d343
Instruction at 0x7f9ec109d343: add rdx, r12
[TARGET] Found ADD instruction @0x7f9ec109d354
Instruction at 0x7f9ec109d354: add rax, 0x18
[TARGET] Found ADD instruction @0x7f9ec109d358
Instruction at 0x7f9ec109d358: add rcx, r12
[TARGET] Found ADD instruction @0x7f9ec109d343
Instruction at 0x7f9ec109d343: add rdx, r12
[TARGET] Found ADD instruction @0x7f9ec109d354
Instruction at 0x7f9ec109d354: add rax, 0x18
[TARGET] Found ADD instruction @0x7f9ec109d358
Instruction at 0x7f9ec109d358: add rcx, r12
