=== Stable Bitflip Injector (No PIN_ExecuteAt Edition) ===
[TARGET] Found ADD instruction @0x7f934eafe0d1
Instruction at 0x7f934eafe0d1: add rdx, 0x10
[TARGET] Found ADD instruction @0x7f934eafe0d1
Instruction at 0x7f934eafe0d1: add rdx, 0x10
[TARGET] Found ADD instruction @0x7f934eafe0d1
Instruction at 0x7f934eafe0d1: add rdx, 0x10
[TARGET] Found ADD instruction @0x7f934eafe146
Instruction at 0x7f934eafe146: add qword ptr [rax+0x8], r12
[TARGET] Found ADD instruction @0x7f934eafe156
Instruction at 0x7f934eafe156: add qword ptr [rax+0x8], r12
[TARGET] Found ADD instruction @0x7f934eafe166
Instruction at 0x7f934eafe166: add qword ptr [rax+0x8], r12
[TARGET] Found ADD instruction @0x7f934eafe176
Instruction at 0x7f934eafe176: add qword ptr [rax+0x8], r12
[TARGET] Found ADD instruction @0x7f934eafe186
Instruction at 0x7f934eafe186: add qword ptr [rax+0x8], r12
[TARGET] Found ADD instruction @0x7f934eafe196
Instruction at 0x7f934eafe196: add qword ptr [rax+0x8], r12
[TARGET] Found ADD instruction @0x7f934eafe1a6
Instruction at 0x7f934eafe1a6: add qword ptr [rax+0x8], r12
[TARGET] Found ADD instruction @0x7f934eafe1b6
Instruction at 0x7f934eafe1b6: add qword ptr [rax+0x8], r12
[TARGET] Found ADD instruction @0x7f934eafe31d
Instruction at 0x7f934eafe31d: add rdi, rax
[TARGET] Found ADD instruction @0x7f934eafe5ee
Instruction at 0x7f934eafe5ee: add rdi, rsi
[TARGET] Found ADD instruction @0x7f934eafe31d
Instruction at 0x7f934eafe31d: add rdi, rax
[TARGET] Found ADD instruction @0x7f934eafe343
Instruction at 0x7f934eafe343: add rdx, r12
[TARGET] Found ADD instruction @0x7f934eafe354
Instruction at 0x7f934eafe354: add rax, 0x18
[TARGET] Found ADD instruction @0x7f934eafe358
Instruction at 0x7f934eafe358: add rcx, r12
[TARGET] Found ADD instruction @0x7f934eafe343
Instruction at 0x7f934eafe343: add rdx, r12
[TARGET] Found ADD instruction @0x7f934eafe354
Instruction at 0x7f934eafe354: add rax, 0x18
[TARGET] Found ADD instruction @0x7f934eafe358
Instruction at 0x7f934eafe358: add rcx, r12
