=== Stable Bitflip Injector (No PIN_ExecuteAt Edition) ===
[TARGET] Found ADD instruction @0x7f3ef00710d1
Instruction at 0x7f3ef00710d1: add rdx, 0x10
[TARGET] Found ADD instruction @0x7f3ef00710d1
Instruction at 0x7f3ef00710d1: add rdx, 0x10
[TARGET] Found ADD instruction @0x7f3ef00710d1
Instruction at 0x7f3ef00710d1: add rdx, 0x10
[TARGET] Found ADD instruction @0x7f3ef0071146
Instruction at 0x7f3ef0071146: add qword ptr [rax+0x8], r12
[TARGET] Found ADD instruction @0x7f3ef0071156
Instruction at 0x7f3ef0071156: add qword ptr [rax+0x8], r12
[TARGET] Found ADD instruction @0x7f3ef0071166
Instruction at 0x7f3ef0071166: add qword ptr [rax+0x8], r12
[TARGET] Found ADD instruction @0x7f3ef0071176
Instruction at 0x7f3ef0071176: add qword ptr [rax+0x8], r12
[TARGET] Found ADD instruction @0x7f3ef0071186
Instruction at 0x7f3ef0071186: add qword ptr [rax+0x8], r12
[TARGET] Found ADD instruction @0x7f3ef0071196
Instruction at 0x7f3ef0071196: add qword ptr [rax+0x8], r12
[TARGET] Found ADD instruction @0x7f3ef00711a6
Instruction at 0x7f3ef00711a6: add qword ptr [rax+0x8], r12
[TARGET] Found ADD instruction @0x7f3ef00711b6
Instruction at 0x7f3ef00711b6: add qword ptr [rax+0x8], r12
[TARGET] Found ADD instruction @0x7f3ef007131d
Instruction at 0x7f3ef007131d: add rdi, rax
[TARGET] Found ADD instruction @0x7f3ef00715ee
Instruction at 0x7f3ef00715ee: add rdi, rsi
[TARGET] Found ADD instruction @0x7f3ef007131d
Instruction at 0x7f3ef007131d: add rdi, rax
[TARGET] Found ADD instruction @0x7f3ef0071343
Instruction at 0x7f3ef0071343: add rdx, r12
[TARGET] Found ADD instruction @0x7f3ef0071354
Instruction at 0x7f3ef0071354: add rax, 0x18
[TARGET] Found ADD instruction @0x7f3ef0071358
Instruction at 0x7f3ef0071358: add rcx, r12
[TARGET] Found ADD instruction @0x7f3ef0071343
Instruction at 0x7f3ef0071343: add rdx, r12
[TARGET] Found ADD instruction @0x7f3ef0071354
Instruction at 0x7f3ef0071354: add rax, 0x18
[TARGET] Found ADD instruction @0x7f3ef0071358
Instruction at 0x7f3ef0071358: add rcx, r12
