=== Stable Bitflip Injector (No PIN_ExecuteAt Edition) ===
[TARGET] Found ADD instruction @0x7ffb557bf0d1
Instruction at 0x7ffb557bf0d1: add rdx, 0x10
[TARGET] Found ADD instruction @0x7ffb557bf0d1
Instruction at 0x7ffb557bf0d1: add rdx, 0x10
[TARGET] Found ADD instruction @0x7ffb557bf0d1
Instruction at 0x7ffb557bf0d1: add rdx, 0x10
[TARGET] Found ADD instruction @0x7ffb557bf146
Instruction at 0x7ffb557bf146: add qword ptr [rax+0x8], r12
[TARGET] Found ADD instruction @0x7ffb557bf156
Instruction at 0x7ffb557bf156: add qword ptr [rax+0x8], r12
[TARGET] Found ADD instruction @0x7ffb557bf166
Instruction at 0x7ffb557bf166: add qword ptr [rax+0x8], r12
[TARGET] Found ADD instruction @0x7ffb557bf176
Instruction at 0x7ffb557bf176: add qword ptr [rax+0x8], r12
[TARGET] Found ADD instruction @0x7ffb557bf186
Instruction at 0x7ffb557bf186: add qword ptr [rax+0x8], r12
[TARGET] Found ADD instruction @0x7ffb557bf196
Instruction at 0x7ffb557bf196: add qword ptr [rax+0x8], r12
[TARGET] Found ADD instruction @0x7ffb557bf1a6
Instruction at 0x7ffb557bf1a6: add qword ptr [rax+0x8], r12
[TARGET] Found ADD instruction @0x7ffb557bf1b6
Instruction at 0x7ffb557bf1b6: add qword ptr [rax+0x8], r12
[TARGET] Found ADD instruction @0x7ffb557bf31d
Instruction at 0x7ffb557bf31d: add rdi, rax
[TARGET] Found ADD instruction @0x7ffb557bf5ee
Instruction at 0x7ffb557bf5ee: add rdi, rsi
[TARGET] Found ADD instruction @0x7ffb557bf31d
Instruction at 0x7ffb557bf31d: add rdi, rax
[TARGET] Found ADD instruction @0x7ffb557bf343
Instruction at 0x7ffb557bf343: add rdx, r12
[TARGET] Found ADD instruction @0x7ffb557bf354
Instruction at 0x7ffb557bf354: add rax, 0x18
[TARGET] Found ADD instruction @0x7ffb557bf358
Instruction at 0x7ffb557bf358: add rcx, r12
[TARGET] Found ADD instruction @0x7ffb557bf343
Instruction at 0x7ffb557bf343: add rdx, r12
[TARGET] Found ADD instruction @0x7ffb557bf354
Instruction at 0x7ffb557bf354: add rax, 0x18
[TARGET] Found ADD instruction @0x7ffb557bf358
Instruction at 0x7ffb557bf358: add rcx, r12
