=== Stable Bitflip Injector (No PIN_ExecuteAt Edition) ===
[TARGET] Found ADD instruction @0x7f12868e90d1
Instruction at 0x7f12868e90d1: add rdx, 0x10
[TARGET] Found ADD instruction @0x7f12868e90d1
Instruction at 0x7f12868e90d1: add rdx, 0x10
[TARGET] Found ADD instruction @0x7f12868e90d1
Instruction at 0x7f12868e90d1: add rdx, 0x10
[TARGET] Found ADD instruction @0x7f12868e9146
Instruction at 0x7f12868e9146: add qword ptr [rax+0x8], r12
[TARGET] Found ADD instruction @0x7f12868e9156
Instruction at 0x7f12868e9156: add qword ptr [rax+0x8], r12
[TARGET] Found ADD instruction @0x7f12868e9166
Instruction at 0x7f12868e9166: add qword ptr [rax+0x8], r12
[TARGET] Found ADD instruction @0x7f12868e9176
Instruction at 0x7f12868e9176: add qword ptr [rax+0x8], r12
[TARGET] Found ADD instruction @0x7f12868e9186
Instruction at 0x7f12868e9186: add qword ptr [rax+0x8], r12
[TARGET] Found ADD instruction @0x7f12868e9196
Instruction at 0x7f12868e9196: add qword ptr [rax+0x8], r12
[TARGET] Found ADD instruction @0x7f12868e91a6
Instruction at 0x7f12868e91a6: add qword ptr [rax+0x8], r12
[TARGET] Found ADD instruction @0x7f12868e91b6
Instruction at 0x7f12868e91b6: add qword ptr [rax+0x8], r12
[TARGET] Found ADD instruction @0x7f12868e931d
Instruction at 0x7f12868e931d: add rdi, rax
[TARGET] Found ADD instruction @0x7f12868e95ee
Instruction at 0x7f12868e95ee: add rdi, rsi
[TARGET] Found ADD instruction @0x7f12868e931d
Instruction at 0x7f12868e931d: add rdi, rax
[TARGET] Found ADD instruction @0x7f12868e9343
Instruction at 0x7f12868e9343: add rdx, r12
[TARGET] Found ADD instruction @0x7f12868e9354
Instruction at 0x7f12868e9354: add rax, 0x18
[TARGET] Found ADD instruction @0x7f12868e9358
Instruction at 0x7f12868e9358: add rcx, r12
[TARGET] Found ADD instruction @0x7f12868e9343
Instruction at 0x7f12868e9343: add rdx, r12
[TARGET] Found ADD instruction @0x7f12868e9354
Instruction at 0x7f12868e9354: add rax, 0x18
[TARGET] Found ADD instruction @0x7f12868e9358
Instruction at 0x7f12868e9358: add rcx, r12
