=== Stable Bitflip Injector (No PIN_ExecuteAt Edition) ===
[TARGET] Found ADD instruction @0x7fcbd37890d1
Instruction at 0x7fcbd37890d1: add rdx, 0x10
[TARGET] Found ADD instruction @0x7fcbd37890d1
Instruction at 0x7fcbd37890d1: add rdx, 0x10
[TARGET] Found ADD instruction @0x7fcbd37890d1
Instruction at 0x7fcbd37890d1: add rdx, 0x10
[TARGET] Found ADD instruction @0x7fcbd3789146
Instruction at 0x7fcbd3789146: add qword ptr [rax+0x8], r12
[TARGET] Found ADD instruction @0x7fcbd3789156
Instruction at 0x7fcbd3789156: add qword ptr [rax+0x8], r12
[TARGET] Found ADD instruction @0x7fcbd3789166
Instruction at 0x7fcbd3789166: add qword ptr [rax+0x8], r12
[TARGET] Found ADD instruction @0x7fcbd3789176
Instruction at 0x7fcbd3789176: add qword ptr [rax+0x8], r12
[TARGET] Found ADD instruction @0x7fcbd3789186
Instruction at 0x7fcbd3789186: add qword ptr [rax+0x8], r12
[TARGET] Found ADD instruction @0x7fcbd3789196
Instruction at 0x7fcbd3789196: add qword ptr [rax+0x8], r12
[TARGET] Found ADD instruction @0x7fcbd37891a6
Instruction at 0x7fcbd37891a6: add qword ptr [rax+0x8], r12
[TARGET] Found ADD instruction @0x7fcbd37891b6
Instruction at 0x7fcbd37891b6: add qword ptr [rax+0x8], r12
[TARGET] Found ADD instruction @0x7fcbd378931d
Instruction at 0x7fcbd378931d: add rdi, rax
[TARGET] Found ADD instruction @0x7fcbd37895ee
Instruction at 0x7fcbd37895ee: add rdi, rsi
[TARGET] Found ADD instruction @0x7fcbd378931d
Instruction at 0x7fcbd378931d: add rdi, rax
[TARGET] Found ADD instruction @0x7fcbd3789343
Instruction at 0x7fcbd3789343: add rdx, r12
[TARGET] Found ADD instruction @0x7fcbd3789354
Instruction at 0x7fcbd3789354: add rax, 0x18
[TARGET] Found ADD instruction @0x7fcbd3789358
Instruction at 0x7fcbd3789358: add rcx, r12
[TARGET] Found ADD instruction @0x7fcbd3789343
Instruction at 0x7fcbd3789343: add rdx, r12
[TARGET] Found ADD instruction @0x7fcbd3789354
Instruction at 0x7fcbd3789354: add rax, 0x18
[TARGET] Found ADD instruction @0x7fcbd3789358
Instruction at 0x7fcbd3789358: add rcx, r12
