=== Stable Bitflip Injector (No PIN_ExecuteAt Edition) ===
[TARGET] Found ADD instruction @0x7fa8837e10d1
Instruction at 0x7fa8837e10d1: add rdx, 0x10
[TARGET] Found ADD instruction @0x7fa8837e10d1
Instruction at 0x7fa8837e10d1: add rdx, 0x10
[TARGET] Found ADD instruction @0x7fa8837e10d1
Instruction at 0x7fa8837e10d1: add rdx, 0x10
[TARGET] Found ADD instruction @0x7fa8837e1146
Instruction at 0x7fa8837e1146: add qword ptr [rax+0x8], r12
[TARGET] Found ADD instruction @0x7fa8837e1156
Instruction at 0x7fa8837e1156: add qword ptr [rax+0x8], r12
[TARGET] Found ADD instruction @0x7fa8837e1166
Instruction at 0x7fa8837e1166: add qword ptr [rax+0x8], r12
[TARGET] Found ADD instruction @0x7fa8837e1176
Instruction at 0x7fa8837e1176: add qword ptr [rax+0x8], r12
[TARGET] Found ADD instruction @0x7fa8837e1186
Instruction at 0x7fa8837e1186: add qword ptr [rax+0x8], r12
[TARGET] Found ADD instruction @0x7fa8837e1196
Instruction at 0x7fa8837e1196: add qword ptr [rax+0x8], r12
[TARGET] Found ADD instruction @0x7fa8837e11a6
Instruction at 0x7fa8837e11a6: add qword ptr [rax+0x8], r12
[TARGET] Found ADD instruction @0x7fa8837e11b6
Instruction at 0x7fa8837e11b6: add qword ptr [rax+0x8], r12
[TARGET] Found ADD instruction @0x7fa8837e131d
Instruction at 0x7fa8837e131d: add rdi, rax
[TARGET] Found ADD instruction @0x7fa8837e15ee
Instruction at 0x7fa8837e15ee: add rdi, rsi
[TARGET] Found ADD instruction @0x7fa8837e131d
Instruction at 0x7fa8837e131d: add rdi, rax
[TARGET] Found ADD instruction @0x7fa8837e1343
Instruction at 0x7fa8837e1343: add rdx, r12
[TARGET] Found ADD instruction @0x7fa8837e1354
Instruction at 0x7fa8837e1354: add rax, 0x18
[TARGET] Found ADD instruction @0x7fa8837e1358
Instruction at 0x7fa8837e1358: add rcx, r12
[TARGET] Found ADD instruction @0x7fa8837e1343
Instruction at 0x7fa8837e1343: add rdx, r12
[TARGET] Found ADD instruction @0x7fa8837e1354
Instruction at 0x7fa8837e1354: add rax, 0x18
[TARGET] Found ADD instruction @0x7fa8837e1358
Instruction at 0x7fa8837e1358: add rcx, r12
