=== Stable Bitflip Injector (No PIN_ExecuteAt Edition) ===
[TARGET] Found ADD instruction @0x7f7e8b1300d1
Instruction at 0x7f7e8b1300d1: add rdx, 0x10
[TARGET] Found ADD instruction @0x7f7e8b1300d1
Instruction at 0x7f7e8b1300d1: add rdx, 0x10
[TARGET] Found ADD instruction @0x7f7e8b1300d1
Instruction at 0x7f7e8b1300d1: add rdx, 0x10
[TARGET] Found ADD instruction @0x7f7e8b130146
Instruction at 0x7f7e8b130146: add qword ptr [rax+0x8], r12
[TARGET] Found ADD instruction @0x7f7e8b130156
Instruction at 0x7f7e8b130156: add qword ptr [rax+0x8], r12
[TARGET] Found ADD instruction @0x7f7e8b130166
Instruction at 0x7f7e8b130166: add qword ptr [rax+0x8], r12
[TARGET] Found ADD instruction @0x7f7e8b130176
Instruction at 0x7f7e8b130176: add qword ptr [rax+0x8], r12
[TARGET] Found ADD instruction @0x7f7e8b130186
Instruction at 0x7f7e8b130186: add qword ptr [rax+0x8], r12
[TARGET] Found ADD instruction @0x7f7e8b130196
Instruction at 0x7f7e8b130196: add qword ptr [rax+0x8], r12
[TARGET] Found ADD instruction @0x7f7e8b1301a6
Instruction at 0x7f7e8b1301a6: add qword ptr [rax+0x8], r12
[TARGET] Found ADD instruction @0x7f7e8b1301b6
Instruction at 0x7f7e8b1301b6: add qword ptr [rax+0x8], r12
[TARGET] Found ADD instruction @0x7f7e8b13031d
Instruction at 0x7f7e8b13031d: add rdi, rax
[TARGET] Found ADD instruction @0x7f7e8b1305ee
Instruction at 0x7f7e8b1305ee: add rdi, rsi
[TARGET] Found ADD instruction @0x7f7e8b13031d
Instruction at 0x7f7e8b13031d: add rdi, rax
[TARGET] Found ADD instruction @0x7f7e8b130343
Instruction at 0x7f7e8b130343: add rdx, r12
[TARGET] Found ADD instruction @0x7f7e8b130354
Instruction at 0x7f7e8b130354: add rax, 0x18
[TARGET] Found ADD instruction @0x7f7e8b130358
Instruction at 0x7f7e8b130358: add rcx, r12
[TARGET] Found ADD instruction @0x7f7e8b130343
Instruction at 0x7f7e8b130343: add rdx, r12
[TARGET] Found ADD instruction @0x7f7e8b130354
Instruction at 0x7f7e8b130354: add rax, 0x18
[TARGET] Found ADD instruction @0x7f7e8b130358
Instruction at 0x7f7e8b130358: add rcx, r12
