=== Stable Bitflip Injector (No PIN_ExecuteAt Edition) ===
[TARGET] Found ADD instruction @0x7fd90f6b00d1
Instruction at 0x7fd90f6b00d1: add rdx, 0x10
[TARGET] Found ADD instruction @0x7fd90f6b00d1
Instruction at 0x7fd90f6b00d1: add rdx, 0x10
[TARGET] Found ADD instruction @0x7fd90f6b00d1
Instruction at 0x7fd90f6b00d1: add rdx, 0x10
[TARGET] Found ADD instruction @0x7fd90f6b0146
Instruction at 0x7fd90f6b0146: add qword ptr [rax+0x8], r12
[TARGET] Found ADD instruction @0x7fd90f6b0156
Instruction at 0x7fd90f6b0156: add qword ptr [rax+0x8], r12
[TARGET] Found ADD instruction @0x7fd90f6b0166
Instruction at 0x7fd90f6b0166: add qword ptr [rax+0x8], r12
[TARGET] Found ADD instruction @0x7fd90f6b0176
Instruction at 0x7fd90f6b0176: add qword ptr [rax+0x8], r12
[TARGET] Found ADD instruction @0x7fd90f6b0186
Instruction at 0x7fd90f6b0186: add qword ptr [rax+0x8], r12
[TARGET] Found ADD instruction @0x7fd90f6b0196
Instruction at 0x7fd90f6b0196: add qword ptr [rax+0x8], r12
[TARGET] Found ADD instruction @0x7fd90f6b01a6
Instruction at 0x7fd90f6b01a6: add qword ptr [rax+0x8], r12
[TARGET] Found ADD instruction @0x7fd90f6b01b6
Instruction at 0x7fd90f6b01b6: add qword ptr [rax+0x8], r12
[TARGET] Found ADD instruction @0x7fd90f6b031d
Instruction at 0x7fd90f6b031d: add rdi, rax
[TARGET] Found ADD instruction @0x7fd90f6b05ee
Instruction at 0x7fd90f6b05ee: add rdi, rsi
[TARGET] Found ADD instruction @0x7fd90f6b031d
Instruction at 0x7fd90f6b031d: add rdi, rax
[TARGET] Found ADD instruction @0x7fd90f6b0343
Instruction at 0x7fd90f6b0343: add rdx, r12
[TARGET] Found ADD instruction @0x7fd90f6b0354
Instruction at 0x7fd90f6b0354: add rax, 0x18
[TARGET] Found ADD instruction @0x7fd90f6b0358
Instruction at 0x7fd90f6b0358: add rcx, r12
[TARGET] Found ADD instruction @0x7fd90f6b0343
Instruction at 0x7fd90f6b0343: add rdx, r12
[TARGET] Found ADD instruction @0x7fd90f6b0354
Instruction at 0x7fd90f6b0354: add rax, 0x18
[TARGET] Found ADD instruction @0x7fd90f6b0358
Instruction at 0x7fd90f6b0358: add rcx, r12
