=== Stable Bitflip Injector (No PIN_ExecuteAt Edition) ===
[TARGET] Found ADD instruction @0x7f3d83d790d1
Instruction at 0x7f3d83d790d1: add rdx, 0x10
[TARGET] Found ADD instruction @0x7f3d83d790d1
Instruction at 0x7f3d83d790d1: add rdx, 0x10
[TARGET] Found ADD instruction @0x7f3d83d790d1
Instruction at 0x7f3d83d790d1: add rdx, 0x10
[TARGET] Found ADD instruction @0x7f3d83d79146
Instruction at 0x7f3d83d79146: add qword ptr [rax+0x8], r12
[TARGET] Found ADD instruction @0x7f3d83d79156
Instruction at 0x7f3d83d79156: add qword ptr [rax+0x8], r12
[TARGET] Found ADD instruction @0x7f3d83d79166
Instruction at 0x7f3d83d79166: add qword ptr [rax+0x8], r12
[TARGET] Found ADD instruction @0x7f3d83d79176
Instruction at 0x7f3d83d79176: add qword ptr [rax+0x8], r12
[TARGET] Found ADD instruction @0x7f3d83d79186
Instruction at 0x7f3d83d79186: add qword ptr [rax+0x8], r12
[TARGET] Found ADD instruction @0x7f3d83d79196
Instruction at 0x7f3d83d79196: add qword ptr [rax+0x8], r12
[TARGET] Found ADD instruction @0x7f3d83d791a6
Instruction at 0x7f3d83d791a6: add qword ptr [rax+0x8], r12
[TARGET] Found ADD instruction @0x7f3d83d791b6
Instruction at 0x7f3d83d791b6: add qword ptr [rax+0x8], r12
[TARGET] Found ADD instruction @0x7f3d83d7931d
Instruction at 0x7f3d83d7931d: add rdi, rax
[TARGET] Found ADD instruction @0x7f3d83d795ee
Instruction at 0x7f3d83d795ee: add rdi, rsi
[TARGET] Found ADD instruction @0x7f3d83d7931d
Instruction at 0x7f3d83d7931d: add rdi, rax
[TARGET] Found ADD instruction @0x7f3d83d79343
Instruction at 0x7f3d83d79343: add rdx, r12
[TARGET] Found ADD instruction @0x7f3d83d79354
Instruction at 0x7f3d83d79354: add rax, 0x18
[TARGET] Found ADD instruction @0x7f3d83d79358
Instruction at 0x7f3d83d79358: add rcx, r12
[TARGET] Found ADD instruction @0x7f3d83d79343
Instruction at 0x7f3d83d79343: add rdx, r12
[TARGET] Found ADD instruction @0x7f3d83d79354
Instruction at 0x7f3d83d79354: add rax, 0x18
[TARGET] Found ADD instruction @0x7f3d83d79358
Instruction at 0x7f3d83d79358: add rcx, r12
