=== Stable Bitflip Injector (No PIN_ExecuteAt Edition) ===
[TARGET] Found ADD instruction @0x7f7d2de1d0d1
Instruction at 0x7f7d2de1d0d1: add rdx, 0x10
[TARGET] Found ADD instruction @0x7f7d2de1d0d1
Instruction at 0x7f7d2de1d0d1: add rdx, 0x10
[TARGET] Found ADD instruction @0x7f7d2de1d0d1
Instruction at 0x7f7d2de1d0d1: add rdx, 0x10
[TARGET] Found ADD instruction @0x7f7d2de1d146
Instruction at 0x7f7d2de1d146: add qword ptr [rax+0x8], r12
[TARGET] Found ADD instruction @0x7f7d2de1d156
Instruction at 0x7f7d2de1d156: add qword ptr [rax+0x8], r12
[TARGET] Found ADD instruction @0x7f7d2de1d166
Instruction at 0x7f7d2de1d166: add qword ptr [rax+0x8], r12
[TARGET] Found ADD instruction @0x7f7d2de1d176
Instruction at 0x7f7d2de1d176: add qword ptr [rax+0x8], r12
[TARGET] Found ADD instruction @0x7f7d2de1d186
Instruction at 0x7f7d2de1d186: add qword ptr [rax+0x8], r12
[TARGET] Found ADD instruction @0x7f7d2de1d196
Instruction at 0x7f7d2de1d196: add qword ptr [rax+0x8], r12
[TARGET] Found ADD instruction @0x7f7d2de1d1a6
Instruction at 0x7f7d2de1d1a6: add qword ptr [rax+0x8], r12
[TARGET] Found ADD instruction @0x7f7d2de1d1b6
Instruction at 0x7f7d2de1d1b6: add qword ptr [rax+0x8], r12
[TARGET] Found ADD instruction @0x7f7d2de1d31d
Instruction at 0x7f7d2de1d31d: add rdi, rax
[TARGET] Found ADD instruction @0x7f7d2de1d5ee
Instruction at 0x7f7d2de1d5ee: add rdi, rsi
[TARGET] Found ADD instruction @0x7f7d2de1d31d
Instruction at 0x7f7d2de1d31d: add rdi, rax
[TARGET] Found ADD instruction @0x7f7d2de1d343
Instruction at 0x7f7d2de1d343: add rdx, r12
[TARGET] Found ADD instruction @0x7f7d2de1d354
Instruction at 0x7f7d2de1d354: add rax, 0x18
[TARGET] Found ADD instruction @0x7f7d2de1d358
Instruction at 0x7f7d2de1d358: add rcx, r12
[TARGET] Found ADD instruction @0x7f7d2de1d343
Instruction at 0x7f7d2de1d343: add rdx, r12
[TARGET] Found ADD instruction @0x7f7d2de1d354
Instruction at 0x7f7d2de1d354: add rax, 0x18
[TARGET] Found ADD instruction @0x7f7d2de1d358
Instruction at 0x7f7d2de1d358: add rcx, r12
