=== Stable Bitflip Injector (No PIN_ExecuteAt Edition) ===
[TARGET] Found ADD instruction @0x7f84212880d1
Instruction at 0x7f84212880d1: add rdx, 0x10
[TARGET] Found ADD instruction @0x7f84212880d1
Instruction at 0x7f84212880d1: add rdx, 0x10
[TARGET] Found ADD instruction @0x7f84212880d1
Instruction at 0x7f84212880d1: add rdx, 0x10
[TARGET] Found ADD instruction @0x7f8421288146
Instruction at 0x7f8421288146: add qword ptr [rax+0x8], r12
[TARGET] Found ADD instruction @0x7f8421288156
Instruction at 0x7f8421288156: add qword ptr [rax+0x8], r12
[TARGET] Found ADD instruction @0x7f8421288166
Instruction at 0x7f8421288166: add qword ptr [rax+0x8], r12
[TARGET] Found ADD instruction @0x7f8421288176
Instruction at 0x7f8421288176: add qword ptr [rax+0x8], r12
[TARGET] Found ADD instruction @0x7f8421288186
Instruction at 0x7f8421288186: add qword ptr [rax+0x8], r12
[TARGET] Found ADD instruction @0x7f8421288196
Instruction at 0x7f8421288196: add qword ptr [rax+0x8], r12
[TARGET] Found ADD instruction @0x7f84212881a6
Instruction at 0x7f84212881a6: add qword ptr [rax+0x8], r12
[TARGET] Found ADD instruction @0x7f84212881b6
Instruction at 0x7f84212881b6: add qword ptr [rax+0x8], r12
[TARGET] Found ADD instruction @0x7f842128831d
Instruction at 0x7f842128831d: add rdi, rax
[TARGET] Found ADD instruction @0x7f84212885ee
Instruction at 0x7f84212885ee: add rdi, rsi
[TARGET] Found ADD instruction @0x7f842128831d
Instruction at 0x7f842128831d: add rdi, rax
[TARGET] Found ADD instruction @0x7f8421288343
Instruction at 0x7f8421288343: add rdx, r12
[TARGET] Found ADD instruction @0x7f8421288354
Instruction at 0x7f8421288354: add rax, 0x18
[TARGET] Found ADD instruction @0x7f8421288358
Instruction at 0x7f8421288358: add rcx, r12
[TARGET] Found ADD instruction @0x7f8421288343
Instruction at 0x7f8421288343: add rdx, r12
[TARGET] Found ADD instruction @0x7f8421288354
Instruction at 0x7f8421288354: add rax, 0x18
[TARGET] Found ADD instruction @0x7f8421288358
Instruction at 0x7f8421288358: add rcx, r12
