=== Stable Bitflip Injector (No PIN_ExecuteAt Edition) ===
[TARGET] Found ADD instruction @0x7f8143eac0d1
Instruction at 0x7f8143eac0d1: add rdx, 0x10
[TARGET] Found ADD instruction @0x7f8143eac0d1
Instruction at 0x7f8143eac0d1: add rdx, 0x10
[TARGET] Found ADD instruction @0x7f8143eac0d1
Instruction at 0x7f8143eac0d1: add rdx, 0x10
[TARGET] Found ADD instruction @0x7f8143eac146
Instruction at 0x7f8143eac146: add qword ptr [rax+0x8], r12
[TARGET] Found ADD instruction @0x7f8143eac156
Instruction at 0x7f8143eac156: add qword ptr [rax+0x8], r12
[TARGET] Found ADD instruction @0x7f8143eac166
Instruction at 0x7f8143eac166: add qword ptr [rax+0x8], r12
[TARGET] Found ADD instruction @0x7f8143eac176
Instruction at 0x7f8143eac176: add qword ptr [rax+0x8], r12
[TARGET] Found ADD instruction @0x7f8143eac186
Instruction at 0x7f8143eac186: add qword ptr [rax+0x8], r12
[TARGET] Found ADD instruction @0x7f8143eac196
Instruction at 0x7f8143eac196: add qword ptr [rax+0x8], r12
[TARGET] Found ADD instruction @0x7f8143eac1a6
Instruction at 0x7f8143eac1a6: add qword ptr [rax+0x8], r12
[TARGET] Found ADD instruction @0x7f8143eac1b6
Instruction at 0x7f8143eac1b6: add qword ptr [rax+0x8], r12
[TARGET] Found ADD instruction @0x7f8143eac31d
Instruction at 0x7f8143eac31d: add rdi, rax
[TARGET] Found ADD instruction @0x7f8143eac5ee
Instruction at 0x7f8143eac5ee: add rdi, rsi
[TARGET] Found ADD instruction @0x7f8143eac31d
Instruction at 0x7f8143eac31d: add rdi, rax
[TARGET] Found ADD instruction @0x7f8143eac343
Instruction at 0x7f8143eac343: add rdx, r12
[TARGET] Found ADD instruction @0x7f8143eac354
Instruction at 0x7f8143eac354: add rax, 0x18
[TARGET] Found ADD instruction @0x7f8143eac358
Instruction at 0x7f8143eac358: add rcx, r12
[TARGET] Found ADD instruction @0x7f8143eac343
Instruction at 0x7f8143eac343: add rdx, r12
[TARGET] Found ADD instruction @0x7f8143eac354
Instruction at 0x7f8143eac354: add rax, 0x18
[TARGET] Found ADD instruction @0x7f8143eac358
Instruction at 0x7f8143eac358: add rcx, r12
