=== Stable Bitflip Injector (No PIN_ExecuteAt Edition) ===
[TARGET] Found ADD instruction @0x7fccc2aab0d1
Instruction at 0x7fccc2aab0d1: add rdx, 0x10
[TARGET] Found ADD instruction @0x7fccc2aab0d1
Instruction at 0x7fccc2aab0d1: add rdx, 0x10
[TARGET] Found ADD instruction @0x7fccc2aab0d1
Instruction at 0x7fccc2aab0d1: add rdx, 0x10
[TARGET] Found ADD instruction @0x7fccc2aab146
Instruction at 0x7fccc2aab146: add qword ptr [rax+0x8], r12
[TARGET] Found ADD instruction @0x7fccc2aab156
Instruction at 0x7fccc2aab156: add qword ptr [rax+0x8], r12
[TARGET] Found ADD instruction @0x7fccc2aab166
Instruction at 0x7fccc2aab166: add qword ptr [rax+0x8], r12
[TARGET] Found ADD instruction @0x7fccc2aab176
Instruction at 0x7fccc2aab176: add qword ptr [rax+0x8], r12
[TARGET] Found ADD instruction @0x7fccc2aab186
Instruction at 0x7fccc2aab186: add qword ptr [rax+0x8], r12
[TARGET] Found ADD instruction @0x7fccc2aab196
Instruction at 0x7fccc2aab196: add qword ptr [rax+0x8], r12
[TARGET] Found ADD instruction @0x7fccc2aab1a6
Instruction at 0x7fccc2aab1a6: add qword ptr [rax+0x8], r12
[TARGET] Found ADD instruction @0x7fccc2aab1b6
Instruction at 0x7fccc2aab1b6: add qword ptr [rax+0x8], r12
[TARGET] Found ADD instruction @0x7fccc2aab31d
Instruction at 0x7fccc2aab31d: add rdi, rax
[TARGET] Found ADD instruction @0x7fccc2aab5ee
Instruction at 0x7fccc2aab5ee: add rdi, rsi
[TARGET] Found ADD instruction @0x7fccc2aab31d
Instruction at 0x7fccc2aab31d: add rdi, rax
[TARGET] Found ADD instruction @0x7fccc2aab343
Instruction at 0x7fccc2aab343: add rdx, r12
[TARGET] Found ADD instruction @0x7fccc2aab354
Instruction at 0x7fccc2aab354: add rax, 0x18
[TARGET] Found ADD instruction @0x7fccc2aab358
Instruction at 0x7fccc2aab358: add rcx, r12
[TARGET] Found ADD instruction @0x7fccc2aab343
Instruction at 0x7fccc2aab343: add rdx, r12
[TARGET] Found ADD instruction @0x7fccc2aab354
Instruction at 0x7fccc2aab354: add rax, 0x18
[TARGET] Found ADD instruction @0x7fccc2aab358
Instruction at 0x7fccc2aab358: add rcx, r12
