=== Stable Bitflip Injector (No PIN_ExecuteAt Edition) ===
[TARGET] Found ADD instruction @0x7f5f397980d1
Instruction at 0x7f5f397980d1: add rdx, 0x10
[TARGET] Found ADD instruction @0x7f5f397980d1
Instruction at 0x7f5f397980d1: add rdx, 0x10
[TARGET] Found ADD instruction @0x7f5f397980d1
Instruction at 0x7f5f397980d1: add rdx, 0x10
[TARGET] Found ADD instruction @0x7f5f39798146
Instruction at 0x7f5f39798146: add qword ptr [rax+0x8], r12
[TARGET] Found ADD instruction @0x7f5f39798156
Instruction at 0x7f5f39798156: add qword ptr [rax+0x8], r12
[TARGET] Found ADD instruction @0x7f5f39798166
Instruction at 0x7f5f39798166: add qword ptr [rax+0x8], r12
[TARGET] Found ADD instruction @0x7f5f39798176
Instruction at 0x7f5f39798176: add qword ptr [rax+0x8], r12
[TARGET] Found ADD instruction @0x7f5f39798186
Instruction at 0x7f5f39798186: add qword ptr [rax+0x8], r12
[TARGET] Found ADD instruction @0x7f5f39798196
Instruction at 0x7f5f39798196: add qword ptr [rax+0x8], r12
[TARGET] Found ADD instruction @0x7f5f397981a6
Instruction at 0x7f5f397981a6: add qword ptr [rax+0x8], r12
[TARGET] Found ADD instruction @0x7f5f397981b6
Instruction at 0x7f5f397981b6: add qword ptr [rax+0x8], r12
[TARGET] Found ADD instruction @0x7f5f3979831d
Instruction at 0x7f5f3979831d: add rdi, rax
[TARGET] Found ADD instruction @0x7f5f397985ee
Instruction at 0x7f5f397985ee: add rdi, rsi
[TARGET] Found ADD instruction @0x7f5f3979831d
Instruction at 0x7f5f3979831d: add rdi, rax
[TARGET] Found ADD instruction @0x7f5f39798343
Instruction at 0x7f5f39798343: add rdx, r12
[TARGET] Found ADD instruction @0x7f5f39798354
Instruction at 0x7f5f39798354: add rax, 0x18
[TARGET] Found ADD instruction @0x7f5f39798358
Instruction at 0x7f5f39798358: add rcx, r12
[TARGET] Found ADD instruction @0x7f5f39798343
Instruction at 0x7f5f39798343: add rdx, r12
[TARGET] Found ADD instruction @0x7f5f39798354
Instruction at 0x7f5f39798354: add rax, 0x18
[TARGET] Found ADD instruction @0x7f5f39798358
Instruction at 0x7f5f39798358: add rcx, r12
