=== Stable Bitflip Injector (No PIN_ExecuteAt Edition) ===
[TARGET] Found ADD instruction @0x7f7c8f9d80d1
Instruction at 0x7f7c8f9d80d1: add rdx, 0x10
[TARGET] Found ADD instruction @0x7f7c8f9d80d1
Instruction at 0x7f7c8f9d80d1: add rdx, 0x10
[TARGET] Found ADD instruction @0x7f7c8f9d80d1
Instruction at 0x7f7c8f9d80d1: add rdx, 0x10
[TARGET] Found ADD instruction @0x7f7c8f9d8146
Instruction at 0x7f7c8f9d8146: add qword ptr [rax+0x8], r12
[TARGET] Found ADD instruction @0x7f7c8f9d8156
Instruction at 0x7f7c8f9d8156: add qword ptr [rax+0x8], r12
[TARGET] Found ADD instruction @0x7f7c8f9d8166
Instruction at 0x7f7c8f9d8166: add qword ptr [rax+0x8], r12
[TARGET] Found ADD instruction @0x7f7c8f9d8176
Instruction at 0x7f7c8f9d8176: add qword ptr [rax+0x8], r12
[TARGET] Found ADD instruction @0x7f7c8f9d8186
Instruction at 0x7f7c8f9d8186: add qword ptr [rax+0x8], r12
[TARGET] Found ADD instruction @0x7f7c8f9d8196
Instruction at 0x7f7c8f9d8196: add qword ptr [rax+0x8], r12
[TARGET] Found ADD instruction @0x7f7c8f9d81a6
Instruction at 0x7f7c8f9d81a6: add qword ptr [rax+0x8], r12
[TARGET] Found ADD instruction @0x7f7c8f9d81b6
Instruction at 0x7f7c8f9d81b6: add qword ptr [rax+0x8], r12
[TARGET] Found ADD instruction @0x7f7c8f9d831d
Instruction at 0x7f7c8f9d831d: add rdi, rax
[TARGET] Found ADD instruction @0x7f7c8f9d85ee
Instruction at 0x7f7c8f9d85ee: add rdi, rsi
[TARGET] Found ADD instruction @0x7f7c8f9d831d
Instruction at 0x7f7c8f9d831d: add rdi, rax
[TARGET] Found ADD instruction @0x7f7c8f9d8343
Instruction at 0x7f7c8f9d8343: add rdx, r12
[TARGET] Found ADD instruction @0x7f7c8f9d8354
Instruction at 0x7f7c8f9d8354: add rax, 0x18
[TARGET] Found ADD instruction @0x7f7c8f9d8358
Instruction at 0x7f7c8f9d8358: add rcx, r12
[TARGET] Found ADD instruction @0x7f7c8f9d8343
Instruction at 0x7f7c8f9d8343: add rdx, r12
[TARGET] Found ADD instruction @0x7f7c8f9d8354
Instruction at 0x7f7c8f9d8354: add rax, 0x18
[TARGET] Found ADD instruction @0x7f7c8f9d8358
Instruction at 0x7f7c8f9d8358: add rcx, r12
