=== Stable Bitflip Injector (No PIN_ExecuteAt Edition) ===
[TARGET] Found ADD instruction @0x7f9bacf360d1
Instruction at 0x7f9bacf360d1: add rdx, 0x10
[TARGET] Found ADD instruction @0x7f9bacf360d1
Instruction at 0x7f9bacf360d1: add rdx, 0x10
[TARGET] Found ADD instruction @0x7f9bacf360d1
Instruction at 0x7f9bacf360d1: add rdx, 0x10
[TARGET] Found ADD instruction @0x7f9bacf36146
Instruction at 0x7f9bacf36146: add qword ptr [rax+0x8], r12
[TARGET] Found ADD instruction @0x7f9bacf36156
Instruction at 0x7f9bacf36156: add qword ptr [rax+0x8], r12
[TARGET] Found ADD instruction @0x7f9bacf36166
Instruction at 0x7f9bacf36166: add qword ptr [rax+0x8], r12
[TARGET] Found ADD instruction @0x7f9bacf36176
Instruction at 0x7f9bacf36176: add qword ptr [rax+0x8], r12
[TARGET] Found ADD instruction @0x7f9bacf36186
Instruction at 0x7f9bacf36186: add qword ptr [rax+0x8], r12
[TARGET] Found ADD instruction @0x7f9bacf36196
Instruction at 0x7f9bacf36196: add qword ptr [rax+0x8], r12
[TARGET] Found ADD instruction @0x7f9bacf361a6
Instruction at 0x7f9bacf361a6: add qword ptr [rax+0x8], r12
[TARGET] Found ADD instruction @0x7f9bacf361b6
Instruction at 0x7f9bacf361b6: add qword ptr [rax+0x8], r12
[TARGET] Found ADD instruction @0x7f9bacf3631d
Instruction at 0x7f9bacf3631d: add rdi, rax
[TARGET] Found ADD instruction @0x7f9bacf365ee
Instruction at 0x7f9bacf365ee: add rdi, rsi
[TARGET] Found ADD instruction @0x7f9bacf3631d
Instruction at 0x7f9bacf3631d: add rdi, rax
[TARGET] Found ADD instruction @0x7f9bacf36343
Instruction at 0x7f9bacf36343: add rdx, r12
[TARGET] Found ADD instruction @0x7f9bacf36354
Instruction at 0x7f9bacf36354: add rax, 0x18
[TARGET] Found ADD instruction @0x7f9bacf36358
Instruction at 0x7f9bacf36358: add rcx, r12
