=== Stable Bitflip Injector (No PIN_ExecuteAt Edition) ===
[TARGET] Found ADD instruction @0x7f78609a30d1
Instruction at 0x7f78609a30d1: add rdx, 0x10
[TARGET] Found ADD instruction @0x7f78609a30d1
Instruction at 0x7f78609a30d1: add rdx, 0x10
[TARGET] Found ADD instruction @0x7f78609a30d1
Instruction at 0x7f78609a30d1: add rdx, 0x10
[TARGET] Found ADD instruction @0x7f78609a3146
Instruction at 0x7f78609a3146: add qword ptr [rax+0x8], r12
[TARGET] Found ADD instruction @0x7f78609a3156
Instruction at 0x7f78609a3156: add qword ptr [rax+0x8], r12
[TARGET] Found ADD instruction @0x7f78609a3166
Instruction at 0x7f78609a3166: add qword ptr [rax+0x8], r12
[TARGET] Found ADD instruction @0x7f78609a3176
Instruction at 0x7f78609a3176: add qword ptr [rax+0x8], r12
[TARGET] Found ADD instruction @0x7f78609a3186
Instruction at 0x7f78609a3186: add qword ptr [rax+0x8], r12
[TARGET] Found ADD instruction @0x7f78609a3196
Instruction at 0x7f78609a3196: add qword ptr [rax+0x8], r12
[TARGET] Found ADD instruction @0x7f78609a31a6
Instruction at 0x7f78609a31a6: add qword ptr [rax+0x8], r12
[TARGET] Found ADD instruction @0x7f78609a31b6
Instruction at 0x7f78609a31b6: add qword ptr [rax+0x8], r12
[TARGET] Found ADD instruction @0x7f78609a331d
Instruction at 0x7f78609a331d: add rdi, rax
[TARGET] Found ADD instruction @0x7f78609a35ee
Instruction at 0x7f78609a35ee: add rdi, rsi
[TARGET] Found ADD instruction @0x7f78609a331d
Instruction at 0x7f78609a331d: add rdi, rax
[TARGET] Found ADD instruction @0x7f78609a3343
Instruction at 0x7f78609a3343: add rdx, r12
[TARGET] Found ADD instruction @0x7f78609a3354
Instruction at 0x7f78609a3354: add rax, 0x18
[TARGET] Found ADD instruction @0x7f78609a3358
Instruction at 0x7f78609a3358: add rcx, r12
[TARGET] Found ADD instruction @0x7f78609a3343
Instruction at 0x7f78609a3343: add rdx, r12
[TARGET] Found ADD instruction @0x7f78609a3354
Instruction at 0x7f78609a3354: add rax, 0x18
[TARGET] Found ADD instruction @0x7f78609a3358
Instruction at 0x7f78609a3358: add rcx, r12
