=== Stable Bitflip Injector (No PIN_ExecuteAt Edition) ===
[TARGET] Found ADD instruction @0x7f18c43560d1
Instruction at 0x7f18c43560d1: add rdx, 0x10
[TARGET] Found ADD instruction @0x7f18c43560d1
Instruction at 0x7f18c43560d1: add rdx, 0x10
[TARGET] Found ADD instruction @0x7f18c43560d1
Instruction at 0x7f18c43560d1: add rdx, 0x10
[TARGET] Found ADD instruction @0x7f18c4356146
Instruction at 0x7f18c4356146: add qword ptr [rax+0x8], r12
[TARGET] Found ADD instruction @0x7f18c4356156
Instruction at 0x7f18c4356156: add qword ptr [rax+0x8], r12
[TARGET] Found ADD instruction @0x7f18c4356166
Instruction at 0x7f18c4356166: add qword ptr [rax+0x8], r12
[TARGET] Found ADD instruction @0x7f18c4356176
Instruction at 0x7f18c4356176: add qword ptr [rax+0x8], r12
[TARGET] Found ADD instruction @0x7f18c4356186
Instruction at 0x7f18c4356186: add qword ptr [rax+0x8], r12
[TARGET] Found ADD instruction @0x7f18c4356196
Instruction at 0x7f18c4356196: add qword ptr [rax+0x8], r12
[TARGET] Found ADD instruction @0x7f18c43561a6
Instruction at 0x7f18c43561a6: add qword ptr [rax+0x8], r12
[TARGET] Found ADD instruction @0x7f18c43561b6
Instruction at 0x7f18c43561b6: add qword ptr [rax+0x8], r12
[TARGET] Found ADD instruction @0x7f18c435631d
Instruction at 0x7f18c435631d: add rdi, rax
[TARGET] Found ADD instruction @0x7f18c43565ee
Instruction at 0x7f18c43565ee: add rdi, rsi
[TARGET] Found ADD instruction @0x7f18c435631d
Instruction at 0x7f18c435631d: add rdi, rax
[TARGET] Found ADD instruction @0x7f18c4356343
Instruction at 0x7f18c4356343: add rdx, r12
[TARGET] Found ADD instruction @0x7f18c4356354
Instruction at 0x7f18c4356354: add rax, 0x18
[TARGET] Found ADD instruction @0x7f18c4356358
Instruction at 0x7f18c4356358: add rcx, r12
[TARGET] Found ADD instruction @0x7f18c4356343
Instruction at 0x7f18c4356343: add rdx, r12
[TARGET] Found ADD instruction @0x7f18c4356354
Instruction at 0x7f18c4356354: add rax, 0x18
[TARGET] Found ADD instruction @0x7f18c4356358
Instruction at 0x7f18c4356358: add rcx, r12
