=== Stable Bitflip Injector (No PIN_ExecuteAt Edition) ===
[TARGET] Found ADD instruction @0x7fb92d4a20d1
Instruction at 0x7fb92d4a20d1: add rdx, 0x10
[TARGET] Found ADD instruction @0x7fb92d4a20d1
Instruction at 0x7fb92d4a20d1: add rdx, 0x10
[TARGET] Found ADD instruction @0x7fb92d4a20d1
Instruction at 0x7fb92d4a20d1: add rdx, 0x10
[TARGET] Found ADD instruction @0x7fb92d4a2146
Instruction at 0x7fb92d4a2146: add qword ptr [rax+0x8], r12
[TARGET] Found ADD instruction @0x7fb92d4a2156
Instruction at 0x7fb92d4a2156: add qword ptr [rax+0x8], r12
[TARGET] Found ADD instruction @0x7fb92d4a2166
Instruction at 0x7fb92d4a2166: add qword ptr [rax+0x8], r12
[TARGET] Found ADD instruction @0x7fb92d4a2176
Instruction at 0x7fb92d4a2176: add qword ptr [rax+0x8], r12
[TARGET] Found ADD instruction @0x7fb92d4a2186
Instruction at 0x7fb92d4a2186: add qword ptr [rax+0x8], r12
[TARGET] Found ADD instruction @0x7fb92d4a2196
Instruction at 0x7fb92d4a2196: add qword ptr [rax+0x8], r12
[TARGET] Found ADD instruction @0x7fb92d4a21a6
Instruction at 0x7fb92d4a21a6: add qword ptr [rax+0x8], r12
[TARGET] Found ADD instruction @0x7fb92d4a21b6
Instruction at 0x7fb92d4a21b6: add qword ptr [rax+0x8], r12
[TARGET] Found ADD instruction @0x7fb92d4a231d
Instruction at 0x7fb92d4a231d: add rdi, rax
[TARGET] Found ADD instruction @0x7fb92d4a25ee
Instruction at 0x7fb92d4a25ee: add rdi, rsi
[TARGET] Found ADD instruction @0x7fb92d4a231d
Instruction at 0x7fb92d4a231d: add rdi, rax
[TARGET] Found ADD instruction @0x7fb92d4a2343
Instruction at 0x7fb92d4a2343: add rdx, r12
[TARGET] Found ADD instruction @0x7fb92d4a2354
Instruction at 0x7fb92d4a2354: add rax, 0x18
[TARGET] Found ADD instruction @0x7fb92d4a2358
Instruction at 0x7fb92d4a2358: add rcx, r12
[TARGET] Found ADD instruction @0x7fb92d4a2343
Instruction at 0x7fb92d4a2343: add rdx, r12
[TARGET] Found ADD instruction @0x7fb92d4a2354
Instruction at 0x7fb92d4a2354: add rax, 0x18
[TARGET] Found ADD instruction @0x7fb92d4a2358
Instruction at 0x7fb92d4a2358: add rcx, r12
