=== Stable Bitflip Injector (No PIN_ExecuteAt Edition) ===
[TARGET] Found ADD instruction @0x7f9f4c83e0d1
Instruction at 0x7f9f4c83e0d1: add rdx, 0x10
[TARGET] Found ADD instruction @0x7f9f4c83e0d1
Instruction at 0x7f9f4c83e0d1: add rdx, 0x10
[TARGET] Found ADD instruction @0x7f9f4c83e0d1
Instruction at 0x7f9f4c83e0d1: add rdx, 0x10
[TARGET] Found ADD instruction @0x7f9f4c83e146
Instruction at 0x7f9f4c83e146: add qword ptr [rax+0x8], r12
[TARGET] Found ADD instruction @0x7f9f4c83e156
Instruction at 0x7f9f4c83e156: add qword ptr [rax+0x8], r12
[TARGET] Found ADD instruction @0x7f9f4c83e166
Instruction at 0x7f9f4c83e166: add qword ptr [rax+0x8], r12
[TARGET] Found ADD instruction @0x7f9f4c83e176
Instruction at 0x7f9f4c83e176: add qword ptr [rax+0x8], r12
[TARGET] Found ADD instruction @0x7f9f4c83e186
Instruction at 0x7f9f4c83e186: add qword ptr [rax+0x8], r12
[TARGET] Found ADD instruction @0x7f9f4c83e196
Instruction at 0x7f9f4c83e196: add qword ptr [rax+0x8], r12
[TARGET] Found ADD instruction @0x7f9f4c83e1a6
Instruction at 0x7f9f4c83e1a6: add qword ptr [rax+0x8], r12
[TARGET] Found ADD instruction @0x7f9f4c83e1b6
Instruction at 0x7f9f4c83e1b6: add qword ptr [rax+0x8], r12
[TARGET] Found ADD instruction @0x7f9f4c83e31d
Instruction at 0x7f9f4c83e31d: add rdi, rax
[TARGET] Found ADD instruction @0x7f9f4c83e5ee
Instruction at 0x7f9f4c83e5ee: add rdi, rsi
[TARGET] Found ADD instruction @0x7f9f4c83e31d
Instruction at 0x7f9f4c83e31d: add rdi, rax
[TARGET] Found ADD instruction @0x7f9f4c83e343
Instruction at 0x7f9f4c83e343: add rdx, r12
[TARGET] Found ADD instruction @0x7f9f4c83e354
Instruction at 0x7f9f4c83e354: add rax, 0x18
[TARGET] Found ADD instruction @0x7f9f4c83e358
Instruction at 0x7f9f4c83e358: add rcx, r12
[TARGET] Found ADD instruction @0x7f9f4c83e343
Instruction at 0x7f9f4c83e343: add rdx, r12
[TARGET] Found ADD instruction @0x7f9f4c83e354
Instruction at 0x7f9f4c83e354: add rax, 0x18
[TARGET] Found ADD instruction @0x7f9f4c83e358
Instruction at 0x7f9f4c83e358: add rcx, r12
