=== Stable Bitflip Injector (No PIN_ExecuteAt Edition) ===
[TARGET] Found ADD instruction @0x7ff3b3f830d1
Instruction at 0x7ff3b3f830d1: add rdx, 0x10
[TARGET] Found ADD instruction @0x7ff3b3f830d1
Instruction at 0x7ff3b3f830d1: add rdx, 0x10
[TARGET] Found ADD instruction @0x7ff3b3f830d1
Instruction at 0x7ff3b3f830d1: add rdx, 0x10
[TARGET] Found ADD instruction @0x7ff3b3f83146
Instruction at 0x7ff3b3f83146: add qword ptr [rax+0x8], r12
[TARGET] Found ADD instruction @0x7ff3b3f83156
Instruction at 0x7ff3b3f83156: add qword ptr [rax+0x8], r12
[TARGET] Found ADD instruction @0x7ff3b3f83166
Instruction at 0x7ff3b3f83166: add qword ptr [rax+0x8], r12
[TARGET] Found ADD instruction @0x7ff3b3f83176
Instruction at 0x7ff3b3f83176: add qword ptr [rax+0x8], r12
[TARGET] Found ADD instruction @0x7ff3b3f83186
Instruction at 0x7ff3b3f83186: add qword ptr [rax+0x8], r12
[TARGET] Found ADD instruction @0x7ff3b3f83196
Instruction at 0x7ff3b3f83196: add qword ptr [rax+0x8], r12
[TARGET] Found ADD instruction @0x7ff3b3f831a6
Instruction at 0x7ff3b3f831a6: add qword ptr [rax+0x8], r12
[TARGET] Found ADD instruction @0x7ff3b3f831b6
Instruction at 0x7ff3b3f831b6: add qword ptr [rax+0x8], r12
[TARGET] Found ADD instruction @0x7ff3b3f8331d
Instruction at 0x7ff3b3f8331d: add rdi, rax
[TARGET] Found ADD instruction @0x7ff3b3f835ee
Instruction at 0x7ff3b3f835ee: add rdi, rsi
[TARGET] Found ADD instruction @0x7ff3b3f8331d
Instruction at 0x7ff3b3f8331d: add rdi, rax
[TARGET] Found ADD instruction @0x7ff3b3f83343
Instruction at 0x7ff3b3f83343: add rdx, r12
[TARGET] Found ADD instruction @0x7ff3b3f83354
Instruction at 0x7ff3b3f83354: add rax, 0x18
[TARGET] Found ADD instruction @0x7ff3b3f83358
Instruction at 0x7ff3b3f83358: add rcx, r12
[TARGET] Found ADD instruction @0x7ff3b3f83343
Instruction at 0x7ff3b3f83343: add rdx, r12
[TARGET] Found ADD instruction @0x7ff3b3f83354
Instruction at 0x7ff3b3f83354: add rax, 0x18
[TARGET] Found ADD instruction @0x7ff3b3f83358
Instruction at 0x7ff3b3f83358: add rcx, r12
