=== Stable Bitflip Injector (No PIN_ExecuteAt Edition) ===
[TARGET] Found ADD instruction @0x7f271dcbb0d1
Instruction at 0x7f271dcbb0d1: add rdx, 0x10
[TARGET] Found ADD instruction @0x7f271dcbb0d1
Instruction at 0x7f271dcbb0d1: add rdx, 0x10
[TARGET] Found ADD instruction @0x7f271dcbb0d1
Instruction at 0x7f271dcbb0d1: add rdx, 0x10
[TARGET] Found ADD instruction @0x7f271dcbb146
Instruction at 0x7f271dcbb146: add qword ptr [rax+0x8], r12
[TARGET] Found ADD instruction @0x7f271dcbb156
Instruction at 0x7f271dcbb156: add qword ptr [rax+0x8], r12
[TARGET] Found ADD instruction @0x7f271dcbb166
Instruction at 0x7f271dcbb166: add qword ptr [rax+0x8], r12
[TARGET] Found ADD instruction @0x7f271dcbb176
Instruction at 0x7f271dcbb176: add qword ptr [rax+0x8], r12
[TARGET] Found ADD instruction @0x7f271dcbb186
Instruction at 0x7f271dcbb186: add qword ptr [rax+0x8], r12
[TARGET] Found ADD instruction @0x7f271dcbb196
Instruction at 0x7f271dcbb196: add qword ptr [rax+0x8], r12
[TARGET] Found ADD instruction @0x7f271dcbb1a6
Instruction at 0x7f271dcbb1a6: add qword ptr [rax+0x8], r12
[TARGET] Found ADD instruction @0x7f271dcbb1b6
Instruction at 0x7f271dcbb1b6: add qword ptr [rax+0x8], r12
[TARGET] Found ADD instruction @0x7f271dcbb31d
Instruction at 0x7f271dcbb31d: add rdi, rax
[TARGET] Found ADD instruction @0x7f271dcbb5ee
Instruction at 0x7f271dcbb5ee: add rdi, rsi
[TARGET] Found ADD instruction @0x7f271dcbb31d
Instruction at 0x7f271dcbb31d: add rdi, rax
[TARGET] Found ADD instruction @0x7f271dcbb343
Instruction at 0x7f271dcbb343: add rdx, r12
[TARGET] Found ADD instruction @0x7f271dcbb354
Instruction at 0x7f271dcbb354: add rax, 0x18
[TARGET] Found ADD instruction @0x7f271dcbb358
Instruction at 0x7f271dcbb358: add rcx, r12
[TARGET] Found ADD instruction @0x7f271dcbb343
Instruction at 0x7f271dcbb343: add rdx, r12
[TARGET] Found ADD instruction @0x7f271dcbb354
Instruction at 0x7f271dcbb354: add rax, 0x18
[TARGET] Found ADD instruction @0x7f271dcbb358
Instruction at 0x7f271dcbb358: add rcx, r12
