=== Stable Bitflip Injector (No PIN_ExecuteAt Edition) ===
[TARGET] Found ADD instruction @0x7f8bd429d0d1
Instruction at 0x7f8bd429d0d1: add rdx, 0x10
[TARGET] Found ADD instruction @0x7f8bd429d0d1
Instruction at 0x7f8bd429d0d1: add rdx, 0x10
[TARGET] Found ADD instruction @0x7f8bd429d0d1
Instruction at 0x7f8bd429d0d1: add rdx, 0x10
[TARGET] Found ADD instruction @0x7f8bd429d146
Instruction at 0x7f8bd429d146: add qword ptr [rax+0x8], r12
[TARGET] Found ADD instruction @0x7f8bd429d156
Instruction at 0x7f8bd429d156: add qword ptr [rax+0x8], r12
[TARGET] Found ADD instruction @0x7f8bd429d166
Instruction at 0x7f8bd429d166: add qword ptr [rax+0x8], r12
[TARGET] Found ADD instruction @0x7f8bd429d176
Instruction at 0x7f8bd429d176: add qword ptr [rax+0x8], r12
[TARGET] Found ADD instruction @0x7f8bd429d186
Instruction at 0x7f8bd429d186: add qword ptr [rax+0x8], r12
[TARGET] Found ADD instruction @0x7f8bd429d196
Instruction at 0x7f8bd429d196: add qword ptr [rax+0x8], r12
[TARGET] Found ADD instruction @0x7f8bd429d1a6
Instruction at 0x7f8bd429d1a6: add qword ptr [rax+0x8], r12
[TARGET] Found ADD instruction @0x7f8bd429d1b6
Instruction at 0x7f8bd429d1b6: add qword ptr [rax+0x8], r12
[TARGET] Found ADD instruction @0x7f8bd429d31d
Instruction at 0x7f8bd429d31d: add rdi, rax
[TARGET] Found ADD instruction @0x7f8bd429d5ee
Instruction at 0x7f8bd429d5ee: add rdi, rsi
[TARGET] Found ADD instruction @0x7f8bd429d31d
Instruction at 0x7f8bd429d31d: add rdi, rax
[TARGET] Found ADD instruction @0x7f8bd429d343
Instruction at 0x7f8bd429d343: add rdx, r12
[TARGET] Found ADD instruction @0x7f8bd429d354
Instruction at 0x7f8bd429d354: add rax, 0x18
[TARGET] Found ADD instruction @0x7f8bd429d358
Instruction at 0x7f8bd429d358: add rcx, r12
[TARGET] Found ADD instruction @0x7f8bd429d343
Instruction at 0x7f8bd429d343: add rdx, r12
[TARGET] Found ADD instruction @0x7f8bd429d354
Instruction at 0x7f8bd429d354: add rax, 0x18
[TARGET] Found ADD instruction @0x7f8bd429d358
Instruction at 0x7f8bd429d358: add rcx, r12
