=== Stable Bitflip Injector (No PIN_ExecuteAt Edition) ===
[TARGET] Found ADD instruction @0x7f151f7f20d1
Instruction at 0x7f151f7f20d1: add rdx, 0x10
[TARGET] Found ADD instruction @0x7f151f7f20d1
Instruction at 0x7f151f7f20d1: add rdx, 0x10
[TARGET] Found ADD instruction @0x7f151f7f20d1
Instruction at 0x7f151f7f20d1: add rdx, 0x10
[TARGET] Found ADD instruction @0x7f151f7f2146
Instruction at 0x7f151f7f2146: add qword ptr [rax+0x8], r12
[TARGET] Found ADD instruction @0x7f151f7f2156
Instruction at 0x7f151f7f2156: add qword ptr [rax+0x8], r12
[TARGET] Found ADD instruction @0x7f151f7f2166
Instruction at 0x7f151f7f2166: add qword ptr [rax+0x8], r12
[TARGET] Found ADD instruction @0x7f151f7f2176
Instruction at 0x7f151f7f2176: add qword ptr [rax+0x8], r12
[TARGET] Found ADD instruction @0x7f151f7f2186
Instruction at 0x7f151f7f2186: add qword ptr [rax+0x8], r12
[TARGET] Found ADD instruction @0x7f151f7f2196
Instruction at 0x7f151f7f2196: add qword ptr [rax+0x8], r12
[TARGET] Found ADD instruction @0x7f151f7f21a6
Instruction at 0x7f151f7f21a6: add qword ptr [rax+0x8], r12
[TARGET] Found ADD instruction @0x7f151f7f21b6
Instruction at 0x7f151f7f21b6: add qword ptr [rax+0x8], r12
[TARGET] Found ADD instruction @0x7f151f7f231d
Instruction at 0x7f151f7f231d: add rdi, rax
[TARGET] Found ADD instruction @0x7f151f7f25ee
Instruction at 0x7f151f7f25ee: add rdi, rsi
[TARGET] Found ADD instruction @0x7f151f7f231d
Instruction at 0x7f151f7f231d: add rdi, rax
[TARGET] Found ADD instruction @0x7f151f7f2343
Instruction at 0x7f151f7f2343: add rdx, r12
[TARGET] Found ADD instruction @0x7f151f7f2354
Instruction at 0x7f151f7f2354: add rax, 0x18
[TARGET] Found ADD instruction @0x7f151f7f2358
Instruction at 0x7f151f7f2358: add rcx, r12
[TARGET] Found ADD instruction @0x7f151f7f2343
Instruction at 0x7f151f7f2343: add rdx, r12
[TARGET] Found ADD instruction @0x7f151f7f2354
Instruction at 0x7f151f7f2354: add rax, 0x18
[TARGET] Found ADD instruction @0x7f151f7f2358
Instruction at 0x7f151f7f2358: add rcx, r12
