=== Stable Bitflip Injector (No PIN_ExecuteAt Edition) ===
[TARGET] Found ADD instruction @0x7fc5b45480d1
Instruction at 0x7fc5b45480d1: add rdx, 0x10
[TARGET] Found ADD instruction @0x7fc5b45480d1
Instruction at 0x7fc5b45480d1: add rdx, 0x10
[TARGET] Found ADD instruction @0x7fc5b45480d1
Instruction at 0x7fc5b45480d1: add rdx, 0x10
[TARGET] Found ADD instruction @0x7fc5b4548146
Instruction at 0x7fc5b4548146: add qword ptr [rax+0x8], r12
[TARGET] Found ADD instruction @0x7fc5b4548156
Instruction at 0x7fc5b4548156: add qword ptr [rax+0x8], r12
[TARGET] Found ADD instruction @0x7fc5b4548166
Instruction at 0x7fc5b4548166: add qword ptr [rax+0x8], r12
[TARGET] Found ADD instruction @0x7fc5b4548176
Instruction at 0x7fc5b4548176: add qword ptr [rax+0x8], r12
[TARGET] Found ADD instruction @0x7fc5b4548186
Instruction at 0x7fc5b4548186: add qword ptr [rax+0x8], r12
[TARGET] Found ADD instruction @0x7fc5b4548196
Instruction at 0x7fc5b4548196: add qword ptr [rax+0x8], r12
[TARGET] Found ADD instruction @0x7fc5b45481a6
Instruction at 0x7fc5b45481a6: add qword ptr [rax+0x8], r12
[TARGET] Found ADD instruction @0x7fc5b45481b6
Instruction at 0x7fc5b45481b6: add qword ptr [rax+0x8], r12
[TARGET] Found ADD instruction @0x7fc5b454831d
Instruction at 0x7fc5b454831d: add rdi, rax
[TARGET] Found ADD instruction @0x7fc5b45485ee
Instruction at 0x7fc5b45485ee: add rdi, rsi
[TARGET] Found ADD instruction @0x7fc5b454831d
Instruction at 0x7fc5b454831d: add rdi, rax
[TARGET] Found ADD instruction @0x7fc5b4548343
Instruction at 0x7fc5b4548343: add rdx, r12
[TARGET] Found ADD instruction @0x7fc5b4548354
Instruction at 0x7fc5b4548354: add rax, 0x18
[TARGET] Found ADD instruction @0x7fc5b4548358
Instruction at 0x7fc5b4548358: add rcx, r12
[TARGET] Found ADD instruction @0x7fc5b4548343
Instruction at 0x7fc5b4548343: add rdx, r12
[TARGET] Found ADD instruction @0x7fc5b4548354
Instruction at 0x7fc5b4548354: add rax, 0x18
[TARGET] Found ADD instruction @0x7fc5b4548358
Instruction at 0x7fc5b4548358: add rcx, r12
