=== Stable Bitflip Injector (No PIN_ExecuteAt Edition) ===
[TARGET] Found ADD instruction @0x7f4bd51b70d1
Instruction at 0x7f4bd51b70d1: add rdx, 0x10
[TARGET] Found ADD instruction @0x7f4bd51b70d1
Instruction at 0x7f4bd51b70d1: add rdx, 0x10
[TARGET] Found ADD instruction @0x7f4bd51b70d1
Instruction at 0x7f4bd51b70d1: add rdx, 0x10
[TARGET] Found ADD instruction @0x7f4bd51b7146
Instruction at 0x7f4bd51b7146: add qword ptr [rax+0x8], r12
[TARGET] Found ADD instruction @0x7f4bd51b7156
Instruction at 0x7f4bd51b7156: add qword ptr [rax+0x8], r12
[TARGET] Found ADD instruction @0x7f4bd51b7166
Instruction at 0x7f4bd51b7166: add qword ptr [rax+0x8], r12
[TARGET] Found ADD instruction @0x7f4bd51b7176
Instruction at 0x7f4bd51b7176: add qword ptr [rax+0x8], r12
[TARGET] Found ADD instruction @0x7f4bd51b7186
Instruction at 0x7f4bd51b7186: add qword ptr [rax+0x8], r12
[TARGET] Found ADD instruction @0x7f4bd51b7196
Instruction at 0x7f4bd51b7196: add qword ptr [rax+0x8], r12
[TARGET] Found ADD instruction @0x7f4bd51b71a6
Instruction at 0x7f4bd51b71a6: add qword ptr [rax+0x8], r12
[TARGET] Found ADD instruction @0x7f4bd51b71b6
Instruction at 0x7f4bd51b71b6: add qword ptr [rax+0x8], r12
[TARGET] Found ADD instruction @0x7f4bd51b731d
Instruction at 0x7f4bd51b731d: add rdi, rax
[TARGET] Found ADD instruction @0x7f4bd51b75ee
Instruction at 0x7f4bd51b75ee: add rdi, rsi
[TARGET] Found ADD instruction @0x7f4bd51b731d
Instruction at 0x7f4bd51b731d: add rdi, rax
[TARGET] Found ADD instruction @0x7f4bd51b7343
Instruction at 0x7f4bd51b7343: add rdx, r12
[TARGET] Found ADD instruction @0x7f4bd51b7354
Instruction at 0x7f4bd51b7354: add rax, 0x18
[TARGET] Found ADD instruction @0x7f4bd51b7358
Instruction at 0x7f4bd51b7358: add rcx, r12
[TARGET] Found ADD instruction @0x7f4bd51b7343
Instruction at 0x7f4bd51b7343: add rdx, r12
[TARGET] Found ADD instruction @0x7f4bd51b7354
Instruction at 0x7f4bd51b7354: add rax, 0x18
[TARGET] Found ADD instruction @0x7f4bd51b7358
Instruction at 0x7f4bd51b7358: add rcx, r12
