=== Stable Bitflip Injector (No PIN_ExecuteAt Edition) ===
[TARGET] Found ADD instruction @0x7fea89bdf0d1
Instruction at 0x7fea89bdf0d1: add rdx, 0x10
[TARGET] Found ADD instruction @0x7fea89bdf0d1
Instruction at 0x7fea89bdf0d1: add rdx, 0x10
[TARGET] Found ADD instruction @0x7fea89bdf0d1
Instruction at 0x7fea89bdf0d1: add rdx, 0x10
[TARGET] Found ADD instruction @0x7fea89bdf146
Instruction at 0x7fea89bdf146: add qword ptr [rax+0x8], r12
[TARGET] Found ADD instruction @0x7fea89bdf156
Instruction at 0x7fea89bdf156: add qword ptr [rax+0x8], r12
[TARGET] Found ADD instruction @0x7fea89bdf166
Instruction at 0x7fea89bdf166: add qword ptr [rax+0x8], r12
[TARGET] Found ADD instruction @0x7fea89bdf176
Instruction at 0x7fea89bdf176: add qword ptr [rax+0x8], r12
[TARGET] Found ADD instruction @0x7fea89bdf186
Instruction at 0x7fea89bdf186: add qword ptr [rax+0x8], r12
[TARGET] Found ADD instruction @0x7fea89bdf196
Instruction at 0x7fea89bdf196: add qword ptr [rax+0x8], r12
[TARGET] Found ADD instruction @0x7fea89bdf1a6
Instruction at 0x7fea89bdf1a6: add qword ptr [rax+0x8], r12
[TARGET] Found ADD instruction @0x7fea89bdf1b6
Instruction at 0x7fea89bdf1b6: add qword ptr [rax+0x8], r12
[TARGET] Found ADD instruction @0x7fea89bdf31d
Instruction at 0x7fea89bdf31d: add rdi, rax
[TARGET] Found ADD instruction @0x7fea89bdf5ee
Instruction at 0x7fea89bdf5ee: add rdi, rsi
[TARGET] Found ADD instruction @0x7fea89bdf31d
Instruction at 0x7fea89bdf31d: add rdi, rax
[TARGET] Found ADD instruction @0x7fea89bdf343
Instruction at 0x7fea89bdf343: add rdx, r12
[TARGET] Found ADD instruction @0x7fea89bdf354
Instruction at 0x7fea89bdf354: add rax, 0x18
[TARGET] Found ADD instruction @0x7fea89bdf358
Instruction at 0x7fea89bdf358: add rcx, r12
[TARGET] Found ADD instruction @0x7fea89bdf343
Instruction at 0x7fea89bdf343: add rdx, r12
[TARGET] Found ADD instruction @0x7fea89bdf354
Instruction at 0x7fea89bdf354: add rax, 0x18
[TARGET] Found ADD instruction @0x7fea89bdf358
Instruction at 0x7fea89bdf358: add rcx, r12
