=== Stable Bitflip Injector (No PIN_ExecuteAt Edition) ===
[TARGET] Found ADD instruction @0x7f38747350d1
Instruction at 0x7f38747350d1: add rdx, 0x10
[TARGET] Found ADD instruction @0x7f38747350d1
Instruction at 0x7f38747350d1: add rdx, 0x10
[TARGET] Found ADD instruction @0x7f38747350d1
Instruction at 0x7f38747350d1: add rdx, 0x10
[TARGET] Found ADD instruction @0x7f3874735146
Instruction at 0x7f3874735146: add qword ptr [rax+0x8], r12
[TARGET] Found ADD instruction @0x7f3874735156
Instruction at 0x7f3874735156: add qword ptr [rax+0x8], r12
[TARGET] Found ADD instruction @0x7f3874735166
Instruction at 0x7f3874735166: add qword ptr [rax+0x8], r12
[TARGET] Found ADD instruction @0x7f3874735176
Instruction at 0x7f3874735176: add qword ptr [rax+0x8], r12
[TARGET] Found ADD instruction @0x7f3874735186
Instruction at 0x7f3874735186: add qword ptr [rax+0x8], r12
[TARGET] Found ADD instruction @0x7f3874735196
Instruction at 0x7f3874735196: add qword ptr [rax+0x8], r12
[TARGET] Found ADD instruction @0x7f38747351a6
Instruction at 0x7f38747351a6: add qword ptr [rax+0x8], r12
[TARGET] Found ADD instruction @0x7f38747351b6
Instruction at 0x7f38747351b6: add qword ptr [rax+0x8], r12
[TARGET] Found ADD instruction @0x7f387473531d
Instruction at 0x7f387473531d: add rdi, rax
[TARGET] Found ADD instruction @0x7f38747355ee
Instruction at 0x7f38747355ee: add rdi, rsi
[TARGET] Found ADD instruction @0x7f387473531d
Instruction at 0x7f387473531d: add rdi, rax
[TARGET] Found ADD instruction @0x7f3874735343
Instruction at 0x7f3874735343: add rdx, r12
[TARGET] Found ADD instruction @0x7f3874735354
Instruction at 0x7f3874735354: add rax, 0x18
[TARGET] Found ADD instruction @0x7f3874735358
Instruction at 0x7f3874735358: add rcx, r12
[TARGET] Found ADD instruction @0x7f3874735343
Instruction at 0x7f3874735343: add rdx, r12
[TARGET] Found ADD instruction @0x7f3874735354
Instruction at 0x7f3874735354: add rax, 0x18
[TARGET] Found ADD instruction @0x7f3874735358
Instruction at 0x7f3874735358: add rcx, r12
