=== Stable Bitflip Injector (No PIN_ExecuteAt Edition) ===
[TARGET] Found ADD instruction @0x7ff11830d0d1
Instruction at 0x7ff11830d0d1: add rdx, 0x10
[TARGET] Found ADD instruction @0x7ff11830d0d1
Instruction at 0x7ff11830d0d1: add rdx, 0x10
[TARGET] Found ADD instruction @0x7ff11830d0d1
Instruction at 0x7ff11830d0d1: add rdx, 0x10
[TARGET] Found ADD instruction @0x7ff11830d146
Instruction at 0x7ff11830d146: add qword ptr [rax+0x8], r12
[TARGET] Found ADD instruction @0x7ff11830d156
Instruction at 0x7ff11830d156: add qword ptr [rax+0x8], r12
[TARGET] Found ADD instruction @0x7ff11830d166
Instruction at 0x7ff11830d166: add qword ptr [rax+0x8], r12
[TARGET] Found ADD instruction @0x7ff11830d176
Instruction at 0x7ff11830d176: add qword ptr [rax+0x8], r12
[TARGET] Found ADD instruction @0x7ff11830d186
Instruction at 0x7ff11830d186: add qword ptr [rax+0x8], r12
[TARGET] Found ADD instruction @0x7ff11830d196
Instruction at 0x7ff11830d196: add qword ptr [rax+0x8], r12
[TARGET] Found ADD instruction @0x7ff11830d1a6
Instruction at 0x7ff11830d1a6: add qword ptr [rax+0x8], r12
[TARGET] Found ADD instruction @0x7ff11830d1b6
Instruction at 0x7ff11830d1b6: add qword ptr [rax+0x8], r12
[TARGET] Found ADD instruction @0x7ff11830d31d
Instruction at 0x7ff11830d31d: add rdi, rax
[TARGET] Found ADD instruction @0x7ff11830d5ee
Instruction at 0x7ff11830d5ee: add rdi, rsi
[TARGET] Found ADD instruction @0x7ff11830d31d
Instruction at 0x7ff11830d31d: add rdi, rax
[TARGET] Found ADD instruction @0x7ff11830d343
Instruction at 0x7ff11830d343: add rdx, r12
[TARGET] Found ADD instruction @0x7ff11830d354
Instruction at 0x7ff11830d354: add rax, 0x18
[TARGET] Found ADD instruction @0x7ff11830d358
Instruction at 0x7ff11830d358: add rcx, r12
[TARGET] Found ADD instruction @0x7ff11830d343
Instruction at 0x7ff11830d343: add rdx, r12
[TARGET] Found ADD instruction @0x7ff11830d354
Instruction at 0x7ff11830d354: add rax, 0x18
[TARGET] Found ADD instruction @0x7ff11830d358
Instruction at 0x7ff11830d358: add rcx, r12
