=== Stable Bitflip Injector (No PIN_ExecuteAt Edition) ===
[TARGET] Found ADD instruction @0x7f74599c30d1
Instruction at 0x7f74599c30d1: add rdx, 0x10
[TARGET] Found ADD instruction @0x7f74599c30d1
Instruction at 0x7f74599c30d1: add rdx, 0x10
[TARGET] Found ADD instruction @0x7f74599c30d1
Instruction at 0x7f74599c30d1: add rdx, 0x10
[TARGET] Found ADD instruction @0x7f74599c3146
Instruction at 0x7f74599c3146: add qword ptr [rax+0x8], r12
[TARGET] Found ADD instruction @0x7f74599c3156
Instruction at 0x7f74599c3156: add qword ptr [rax+0x8], r12
[TARGET] Found ADD instruction @0x7f74599c3166
Instruction at 0x7f74599c3166: add qword ptr [rax+0x8], r12
[TARGET] Found ADD instruction @0x7f74599c3176
Instruction at 0x7f74599c3176: add qword ptr [rax+0x8], r12
[TARGET] Found ADD instruction @0x7f74599c3186
Instruction at 0x7f74599c3186: add qword ptr [rax+0x8], r12
[TARGET] Found ADD instruction @0x7f74599c3196
Instruction at 0x7f74599c3196: add qword ptr [rax+0x8], r12
[TARGET] Found ADD instruction @0x7f74599c31a6
Instruction at 0x7f74599c31a6: add qword ptr [rax+0x8], r12
[TARGET] Found ADD instruction @0x7f74599c31b6
Instruction at 0x7f74599c31b6: add qword ptr [rax+0x8], r12
[TARGET] Found ADD instruction @0x7f74599c331d
Instruction at 0x7f74599c331d: add rdi, rax
[TARGET] Found ADD instruction @0x7f74599c35ee
Instruction at 0x7f74599c35ee: add rdi, rsi
[TARGET] Found ADD instruction @0x7f74599c331d
Instruction at 0x7f74599c331d: add rdi, rax
[TARGET] Found ADD instruction @0x7f74599c3343
Instruction at 0x7f74599c3343: add rdx, r12
[TARGET] Found ADD instruction @0x7f74599c3354
Instruction at 0x7f74599c3354: add rax, 0x18
[TARGET] Found ADD instruction @0x7f74599c3358
Instruction at 0x7f74599c3358: add rcx, r12
[TARGET] Found ADD instruction @0x7f74599c3343
Instruction at 0x7f74599c3343: add rdx, r12
[TARGET] Found ADD instruction @0x7f74599c3354
Instruction at 0x7f74599c3354: add rax, 0x18
[TARGET] Found ADD instruction @0x7f74599c3358
Instruction at 0x7f74599c3358: add rcx, r12
[TARGET] Found ADD instruction @0x7f74599c33a4
Instruction at 0x7f74599c33a4: add r12, rdx
[TARGET] Found ADD instruction @0x7f74599c33dc
Instruction at 0x7f74599c33dc: add rax, qword ptr [rip+0x1970d]
[TARGET] Found ADD instruction @0x7f74599c340f
Instruction at 0x7f74599c340f: add rbx, 0x18
[TARGET] Found ADD instruction @0x7f74599c338a
Instruction at 0x7f74599c338a: add rbx, 0x18
[TARGET] Found ADD instruction @0x7f74599c33a4
Instruction at 0x7f74599c33a4: add r12, rdx
[TARGET] Found ADD instruction @0x7f74599c3480
Instruction at 0x7f74599c3480: add rax, qword ptr [rbx+0x10]
[TARGET] Found ADD instruction @0x7f74599c338a
Instruction at 0x7f74599c338a: add rbx, 0x18
[TARGET] Found ADD instruction @0x7f74599c33a4
Instruction at 0x7f74599c33a4: add r12, rdx
[TARGET] Found ADD instruction @0x7f74599c33dc
Instruction at 0x7f74599c33dc: add rax, qword ptr [rip+0x1970d]
