=== Stable Bitflip Injector (No PIN_ExecuteAt Edition) ===
[TARGET] Found ADD instruction @0x7f3a710f80d1
Instruction at 0x7f3a710f80d1: add rdx, 0x10
[TARGET] Found ADD instruction @0x7f3a710f80d1
Instruction at 0x7f3a710f80d1: add rdx, 0x10
[TARGET] Found ADD instruction @0x7f3a710f80d1
Instruction at 0x7f3a710f80d1: add rdx, 0x10
[TARGET] Found ADD instruction @0x7f3a710f8146
Instruction at 0x7f3a710f8146: add qword ptr [rax+0x8], r12
[TARGET] Found ADD instruction @0x7f3a710f8156
Instruction at 0x7f3a710f8156: add qword ptr [rax+0x8], r12
[TARGET] Found ADD instruction @0x7f3a710f8166
Instruction at 0x7f3a710f8166: add qword ptr [rax+0x8], r12
[TARGET] Found ADD instruction @0x7f3a710f8176
Instruction at 0x7f3a710f8176: add qword ptr [rax+0x8], r12
[TARGET] Found ADD instruction @0x7f3a710f8186
Instruction at 0x7f3a710f8186: add qword ptr [rax+0x8], r12
[TARGET] Found ADD instruction @0x7f3a710f8196
Instruction at 0x7f3a710f8196: add qword ptr [rax+0x8], r12
[TARGET] Found ADD instruction @0x7f3a710f81a6
Instruction at 0x7f3a710f81a6: add qword ptr [rax+0x8], r12
[TARGET] Found ADD instruction @0x7f3a710f81b6
Instruction at 0x7f3a710f81b6: add qword ptr [rax+0x8], r12
[TARGET] Found ADD instruction @0x7f3a710f831d
Instruction at 0x7f3a710f831d: add rdi, rax
[TARGET] Found ADD instruction @0x7f3a710f85ee
Instruction at 0x7f3a710f85ee: add rdi, rsi
[TARGET] Found ADD instruction @0x7f3a710f831d
Instruction at 0x7f3a710f831d: add rdi, rax
[TARGET] Found ADD instruction @0x7f3a710f8343
Instruction at 0x7f3a710f8343: add rdx, r12
[TARGET] Found ADD instruction @0x7f3a710f8354
Instruction at 0x7f3a710f8354: add rax, 0x18
[TARGET] Found ADD instruction @0x7f3a710f8358
Instruction at 0x7f3a710f8358: add rcx, r12
[TARGET] Found ADD instruction @0x7f3a710f8343
Instruction at 0x7f3a710f8343: add rdx, r12
[TARGET] Found ADD instruction @0x7f3a710f8354
Instruction at 0x7f3a710f8354: add rax, 0x18
[TARGET] Found ADD instruction @0x7f3a710f8358
Instruction at 0x7f3a710f8358: add rcx, r12
