=== Stable Bitflip Injector (No PIN_ExecuteAt Edition) ===
[TARGET] Found ADD instruction @0x7f3ade0730d1
Instruction at 0x7f3ade0730d1: add rdx, 0x10
[TARGET] Found ADD instruction @0x7f3ade0730d1
Instruction at 0x7f3ade0730d1: add rdx, 0x10
[TARGET] Found ADD instruction @0x7f3ade0730d1
Instruction at 0x7f3ade0730d1: add rdx, 0x10
[TARGET] Found ADD instruction @0x7f3ade073146
Instruction at 0x7f3ade073146: add qword ptr [rax+0x8], r12
[TARGET] Found ADD instruction @0x7f3ade073156
Instruction at 0x7f3ade073156: add qword ptr [rax+0x8], r12
[TARGET] Found ADD instruction @0x7f3ade073166
Instruction at 0x7f3ade073166: add qword ptr [rax+0x8], r12
[TARGET] Found ADD instruction @0x7f3ade073176
Instruction at 0x7f3ade073176: add qword ptr [rax+0x8], r12
[TARGET] Found ADD instruction @0x7f3ade073186
Instruction at 0x7f3ade073186: add qword ptr [rax+0x8], r12
[TARGET] Found ADD instruction @0x7f3ade073196
Instruction at 0x7f3ade073196: add qword ptr [rax+0x8], r12
[TARGET] Found ADD instruction @0x7f3ade0731a6
Instruction at 0x7f3ade0731a6: add qword ptr [rax+0x8], r12
[TARGET] Found ADD instruction @0x7f3ade0731b6
Instruction at 0x7f3ade0731b6: add qword ptr [rax+0x8], r12
[TARGET] Found ADD instruction @0x7f3ade07331d
Instruction at 0x7f3ade07331d: add rdi, rax
[TARGET] Found ADD instruction @0x7f3ade0735ee
Instruction at 0x7f3ade0735ee: add rdi, rsi
[TARGET] Found ADD instruction @0x7f3ade07331d
Instruction at 0x7f3ade07331d: add rdi, rax
[TARGET] Found ADD instruction @0x7f3ade073343
Instruction at 0x7f3ade073343: add rdx, r12
[TARGET] Found ADD instruction @0x7f3ade073354
Instruction at 0x7f3ade073354: add rax, 0x18
[TARGET] Found ADD instruction @0x7f3ade073358
Instruction at 0x7f3ade073358: add rcx, r12
