=== Stable Bitflip Injector (No PIN_ExecuteAt Edition) ===
[TARGET] Found ADD instruction @0x7f3ea2e8b0d1
Instruction at 0x7f3ea2e8b0d1: add rdx, 0x10
[TARGET] Found ADD instruction @0x7f3ea2e8b0d1
Instruction at 0x7f3ea2e8b0d1: add rdx, 0x10
[TARGET] Found ADD instruction @0x7f3ea2e8b0d1
Instruction at 0x7f3ea2e8b0d1: add rdx, 0x10
[TARGET] Found ADD instruction @0x7f3ea2e8b146
Instruction at 0x7f3ea2e8b146: add qword ptr [rax+0x8], r12
[TARGET] Found ADD instruction @0x7f3ea2e8b156
Instruction at 0x7f3ea2e8b156: add qword ptr [rax+0x8], r12
[TARGET] Found ADD instruction @0x7f3ea2e8b166
Instruction at 0x7f3ea2e8b166: add qword ptr [rax+0x8], r12
[TARGET] Found ADD instruction @0x7f3ea2e8b176
Instruction at 0x7f3ea2e8b176: add qword ptr [rax+0x8], r12
[TARGET] Found ADD instruction @0x7f3ea2e8b186
Instruction at 0x7f3ea2e8b186: add qword ptr [rax+0x8], r12
[TARGET] Found ADD instruction @0x7f3ea2e8b196
Instruction at 0x7f3ea2e8b196: add qword ptr [rax+0x8], r12
[TARGET] Found ADD instruction @0x7f3ea2e8b1a6
Instruction at 0x7f3ea2e8b1a6: add qword ptr [rax+0x8], r12
[TARGET] Found ADD instruction @0x7f3ea2e8b1b6
Instruction at 0x7f3ea2e8b1b6: add qword ptr [rax+0x8], r12
[TARGET] Found ADD instruction @0x7f3ea2e8b31d
Instruction at 0x7f3ea2e8b31d: add rdi, rax
[TARGET] Found ADD instruction @0x7f3ea2e8b5ee
Instruction at 0x7f3ea2e8b5ee: add rdi, rsi
[TARGET] Found ADD instruction @0x7f3ea2e8b31d
Instruction at 0x7f3ea2e8b31d: add rdi, rax
[TARGET] Found ADD instruction @0x7f3ea2e8b343
Instruction at 0x7f3ea2e8b343: add rdx, r12
[TARGET] Found ADD instruction @0x7f3ea2e8b354
Instruction at 0x7f3ea2e8b354: add rax, 0x18
[TARGET] Found ADD instruction @0x7f3ea2e8b358
Instruction at 0x7f3ea2e8b358: add rcx, r12
[TARGET] Found ADD instruction @0x7f3ea2e8b343
Instruction at 0x7f3ea2e8b343: add rdx, r12
[TARGET] Found ADD instruction @0x7f3ea2e8b354
Instruction at 0x7f3ea2e8b354: add rax, 0x18
[TARGET] Found ADD instruction @0x7f3ea2e8b358
Instruction at 0x7f3ea2e8b358: add rcx, r12
