=== Stable Bitflip Injector (No PIN_ExecuteAt Edition) ===
[TARGET] Found ADD instruction @0x7f20341730d1
Instruction at 0x7f20341730d1: add rdx, 0x10
[TARGET] Found ADD instruction @0x7f20341730d1
Instruction at 0x7f20341730d1: add rdx, 0x10
[TARGET] Found ADD instruction @0x7f20341730d1
Instruction at 0x7f20341730d1: add rdx, 0x10
[TARGET] Found ADD instruction @0x7f2034173146
Instruction at 0x7f2034173146: add qword ptr [rax+0x8], r12
[TARGET] Found ADD instruction @0x7f2034173156
Instruction at 0x7f2034173156: add qword ptr [rax+0x8], r12
[TARGET] Found ADD instruction @0x7f2034173166
Instruction at 0x7f2034173166: add qword ptr [rax+0x8], r12
[TARGET] Found ADD instruction @0x7f2034173176
Instruction at 0x7f2034173176: add qword ptr [rax+0x8], r12
[TARGET] Found ADD instruction @0x7f2034173186
Instruction at 0x7f2034173186: add qword ptr [rax+0x8], r12
[TARGET] Found ADD instruction @0x7f2034173196
Instruction at 0x7f2034173196: add qword ptr [rax+0x8], r12
[TARGET] Found ADD instruction @0x7f20341731a6
Instruction at 0x7f20341731a6: add qword ptr [rax+0x8], r12
[TARGET] Found ADD instruction @0x7f20341731b6
Instruction at 0x7f20341731b6: add qword ptr [rax+0x8], r12
[TARGET] Found ADD instruction @0x7f203417331d
Instruction at 0x7f203417331d: add rdi, rax
[TARGET] Found ADD instruction @0x7f20341735ee
Instruction at 0x7f20341735ee: add rdi, rsi
[TARGET] Found ADD instruction @0x7f203417331d
Instruction at 0x7f203417331d: add rdi, rax
[TARGET] Found ADD instruction @0x7f2034173343
Instruction at 0x7f2034173343: add rdx, r12
[TARGET] Found ADD instruction @0x7f2034173354
Instruction at 0x7f2034173354: add rax, 0x18
[TARGET] Found ADD instruction @0x7f2034173358
Instruction at 0x7f2034173358: add rcx, r12
[TARGET] Found ADD instruction @0x7f2034173343
Instruction at 0x7f2034173343: add rdx, r12
[TARGET] Found ADD instruction @0x7f2034173354
Instruction at 0x7f2034173354: add rax, 0x18
[TARGET] Found ADD instruction @0x7f2034173358
Instruction at 0x7f2034173358: add rcx, r12
