=== Stable Bitflip Injector (No PIN_ExecuteAt Edition) ===
[TARGET] Found ADD instruction @0x7f55c94980d1
Instruction at 0x7f55c94980d1: add rdx, 0x10
[TARGET] Found ADD instruction @0x7f55c94980d1
Instruction at 0x7f55c94980d1: add rdx, 0x10
[TARGET] Found ADD instruction @0x7f55c94980d1
Instruction at 0x7f55c94980d1: add rdx, 0x10
[TARGET] Found ADD instruction @0x7f55c9498146
Instruction at 0x7f55c9498146: add qword ptr [rax+0x8], r12
[TARGET] Found ADD instruction @0x7f55c9498156
Instruction at 0x7f55c9498156: add qword ptr [rax+0x8], r12
[TARGET] Found ADD instruction @0x7f55c9498166
Instruction at 0x7f55c9498166: add qword ptr [rax+0x8], r12
[TARGET] Found ADD instruction @0x7f55c9498176
Instruction at 0x7f55c9498176: add qword ptr [rax+0x8], r12
[TARGET] Found ADD instruction @0x7f55c9498186
Instruction at 0x7f55c9498186: add qword ptr [rax+0x8], r12
[TARGET] Found ADD instruction @0x7f55c9498196
Instruction at 0x7f55c9498196: add qword ptr [rax+0x8], r12
[TARGET] Found ADD instruction @0x7f55c94981a6
Instruction at 0x7f55c94981a6: add qword ptr [rax+0x8], r12
[TARGET] Found ADD instruction @0x7f55c94981b6
Instruction at 0x7f55c94981b6: add qword ptr [rax+0x8], r12
[TARGET] Found ADD instruction @0x7f55c949831d
Instruction at 0x7f55c949831d: add rdi, rax
[TARGET] Found ADD instruction @0x7f55c94985ee
Instruction at 0x7f55c94985ee: add rdi, rsi
[TARGET] Found ADD instruction @0x7f55c949831d
Instruction at 0x7f55c949831d: add rdi, rax
[TARGET] Found ADD instruction @0x7f55c9498343
Instruction at 0x7f55c9498343: add rdx, r12
[TARGET] Found ADD instruction @0x7f55c9498354
Instruction at 0x7f55c9498354: add rax, 0x18
[TARGET] Found ADD instruction @0x7f55c9498358
Instruction at 0x7f55c9498358: add rcx, r12
[TARGET] Found ADD instruction @0x7f55c9498343
Instruction at 0x7f55c9498343: add rdx, r12
[TARGET] Found ADD instruction @0x7f55c9498354
Instruction at 0x7f55c9498354: add rax, 0x18
[TARGET] Found ADD instruction @0x7f55c9498358
Instruction at 0x7f55c9498358: add rcx, r12
