=== Stable Bitflip Injector (No PIN_ExecuteAt Edition) ===
[TARGET] Found ADD instruction @0x7fc65f72d0d1
Instruction at 0x7fc65f72d0d1: add rdx, 0x10
[TARGET] Found ADD instruction @0x7fc65f72d0d1
Instruction at 0x7fc65f72d0d1: add rdx, 0x10
[TARGET] Found ADD instruction @0x7fc65f72d0d1
Instruction at 0x7fc65f72d0d1: add rdx, 0x10
[TARGET] Found ADD instruction @0x7fc65f72d146
Instruction at 0x7fc65f72d146: add qword ptr [rax+0x8], r12
[TARGET] Found ADD instruction @0x7fc65f72d156
Instruction at 0x7fc65f72d156: add qword ptr [rax+0x8], r12
[TARGET] Found ADD instruction @0x7fc65f72d166
Instruction at 0x7fc65f72d166: add qword ptr [rax+0x8], r12
[TARGET] Found ADD instruction @0x7fc65f72d176
Instruction at 0x7fc65f72d176: add qword ptr [rax+0x8], r12
[TARGET] Found ADD instruction @0x7fc65f72d186
Instruction at 0x7fc65f72d186: add qword ptr [rax+0x8], r12
[TARGET] Found ADD instruction @0x7fc65f72d196
Instruction at 0x7fc65f72d196: add qword ptr [rax+0x8], r12
[TARGET] Found ADD instruction @0x7fc65f72d1a6
Instruction at 0x7fc65f72d1a6: add qword ptr [rax+0x8], r12
[TARGET] Found ADD instruction @0x7fc65f72d1b6
Instruction at 0x7fc65f72d1b6: add qword ptr [rax+0x8], r12
[TARGET] Found ADD instruction @0x7fc65f72d31d
Instruction at 0x7fc65f72d31d: add rdi, rax
[TARGET] Found ADD instruction @0x7fc65f72d5ee
Instruction at 0x7fc65f72d5ee: add rdi, rsi
[TARGET] Found ADD instruction @0x7fc65f72d31d
Instruction at 0x7fc65f72d31d: add rdi, rax
[TARGET] Found ADD instruction @0x7fc65f72d343
Instruction at 0x7fc65f72d343: add rdx, r12
[TARGET] Found ADD instruction @0x7fc65f72d354
Instruction at 0x7fc65f72d354: add rax, 0x18
[TARGET] Found ADD instruction @0x7fc65f72d358
Instruction at 0x7fc65f72d358: add rcx, r12
[TARGET] Found ADD instruction @0x7fc65f72d343
Instruction at 0x7fc65f72d343: add rdx, r12
[TARGET] Found ADD instruction @0x7fc65f72d354
Instruction at 0x7fc65f72d354: add rax, 0x18
[TARGET] Found ADD instruction @0x7fc65f72d358
Instruction at 0x7fc65f72d358: add rcx, r12
