=== Stable Bitflip Injector (No PIN_ExecuteAt Edition) ===
[TARGET] Found ADD instruction @0x7f29a5c4f0d1
Instruction at 0x7f29a5c4f0d1: add rdx, 0x10
[TARGET] Found ADD instruction @0x7f29a5c4f0d1
Instruction at 0x7f29a5c4f0d1: add rdx, 0x10
[TARGET] Found ADD instruction @0x7f29a5c4f0d1
Instruction at 0x7f29a5c4f0d1: add rdx, 0x10
[TARGET] Found ADD instruction @0x7f29a5c4f146
Instruction at 0x7f29a5c4f146: add qword ptr [rax+0x8], r12
[TARGET] Found ADD instruction @0x7f29a5c4f156
Instruction at 0x7f29a5c4f156: add qword ptr [rax+0x8], r12
[TARGET] Found ADD instruction @0x7f29a5c4f166
Instruction at 0x7f29a5c4f166: add qword ptr [rax+0x8], r12
[TARGET] Found ADD instruction @0x7f29a5c4f176
Instruction at 0x7f29a5c4f176: add qword ptr [rax+0x8], r12
[TARGET] Found ADD instruction @0x7f29a5c4f186
Instruction at 0x7f29a5c4f186: add qword ptr [rax+0x8], r12
[TARGET] Found ADD instruction @0x7f29a5c4f196
Instruction at 0x7f29a5c4f196: add qword ptr [rax+0x8], r12
[TARGET] Found ADD instruction @0x7f29a5c4f1a6
Instruction at 0x7f29a5c4f1a6: add qword ptr [rax+0x8], r12
[TARGET] Found ADD instruction @0x7f29a5c4f1b6
Instruction at 0x7f29a5c4f1b6: add qword ptr [rax+0x8], r12
[TARGET] Found ADD instruction @0x7f29a5c4f31d
Instruction at 0x7f29a5c4f31d: add rdi, rax
[TARGET] Found ADD instruction @0x7f29a5c4f5ee
Instruction at 0x7f29a5c4f5ee: add rdi, rsi
[TARGET] Found ADD instruction @0x7f29a5c4f31d
Instruction at 0x7f29a5c4f31d: add rdi, rax
[TARGET] Found ADD instruction @0x7f29a5c4f343
Instruction at 0x7f29a5c4f343: add rdx, r12
[TARGET] Found ADD instruction @0x7f29a5c4f354
Instruction at 0x7f29a5c4f354: add rax, 0x18
[TARGET] Found ADD instruction @0x7f29a5c4f358
Instruction at 0x7f29a5c4f358: add rcx, r12
[TARGET] Found ADD instruction @0x7f29a5c4f343
Instruction at 0x7f29a5c4f343: add rdx, r12
[TARGET] Found ADD instruction @0x7f29a5c4f354
Instruction at 0x7f29a5c4f354: add rax, 0x18
[TARGET] Found ADD instruction @0x7f29a5c4f358
Instruction at 0x7f29a5c4f358: add rcx, r12
