=== Stable Bitflip Injector (No PIN_ExecuteAt Edition) ===
[TARGET] Found ADD instruction @0x7f7df7bd50d1
Instruction at 0x7f7df7bd50d1: add rdx, 0x10
[TARGET] Found ADD instruction @0x7f7df7bd50d1
Instruction at 0x7f7df7bd50d1: add rdx, 0x10
[TARGET] Found ADD instruction @0x7f7df7bd50d1
Instruction at 0x7f7df7bd50d1: add rdx, 0x10
[TARGET] Found ADD instruction @0x7f7df7bd5146
Instruction at 0x7f7df7bd5146: add qword ptr [rax+0x8], r12
[TARGET] Found ADD instruction @0x7f7df7bd5156
Instruction at 0x7f7df7bd5156: add qword ptr [rax+0x8], r12
[TARGET] Found ADD instruction @0x7f7df7bd5166
Instruction at 0x7f7df7bd5166: add qword ptr [rax+0x8], r12
[TARGET] Found ADD instruction @0x7f7df7bd5176
Instruction at 0x7f7df7bd5176: add qword ptr [rax+0x8], r12
[TARGET] Found ADD instruction @0x7f7df7bd5186
Instruction at 0x7f7df7bd5186: add qword ptr [rax+0x8], r12
[TARGET] Found ADD instruction @0x7f7df7bd5196
Instruction at 0x7f7df7bd5196: add qword ptr [rax+0x8], r12
[TARGET] Found ADD instruction @0x7f7df7bd51a6
Instruction at 0x7f7df7bd51a6: add qword ptr [rax+0x8], r12
[TARGET] Found ADD instruction @0x7f7df7bd51b6
Instruction at 0x7f7df7bd51b6: add qword ptr [rax+0x8], r12
[TARGET] Found ADD instruction @0x7f7df7bd531d
Instruction at 0x7f7df7bd531d: add rdi, rax
[TARGET] Found ADD instruction @0x7f7df7bd55ee
Instruction at 0x7f7df7bd55ee: add rdi, rsi
[TARGET] Found ADD instruction @0x7f7df7bd531d
Instruction at 0x7f7df7bd531d: add rdi, rax
[TARGET] Found ADD instruction @0x7f7df7bd5343
Instruction at 0x7f7df7bd5343: add rdx, r12
[TARGET] Found ADD instruction @0x7f7df7bd5354
Instruction at 0x7f7df7bd5354: add rax, 0x18
[TARGET] Found ADD instruction @0x7f7df7bd5358
Instruction at 0x7f7df7bd5358: add rcx, r12
[TARGET] Found ADD instruction @0x7f7df7bd5343
Instruction at 0x7f7df7bd5343: add rdx, r12
[TARGET] Found ADD instruction @0x7f7df7bd5354
Instruction at 0x7f7df7bd5354: add rax, 0x18
[TARGET] Found ADD instruction @0x7f7df7bd5358
Instruction at 0x7f7df7bd5358: add rcx, r12
