=== Stable Bitflip Injector (No PIN_ExecuteAt Edition) ===
[TARGET] Found ADD instruction @0x7f4ec834d0d1
Instruction at 0x7f4ec834d0d1: add rdx, 0x10
[TARGET] Found ADD instruction @0x7f4ec834d0d1
Instruction at 0x7f4ec834d0d1: add rdx, 0x10
[TARGET] Found ADD instruction @0x7f4ec834d0d1
Instruction at 0x7f4ec834d0d1: add rdx, 0x10
[TARGET] Found ADD instruction @0x7f4ec834d146
Instruction at 0x7f4ec834d146: add qword ptr [rax+0x8], r12
[TARGET] Found ADD instruction @0x7f4ec834d156
Instruction at 0x7f4ec834d156: add qword ptr [rax+0x8], r12
[TARGET] Found ADD instruction @0x7f4ec834d166
Instruction at 0x7f4ec834d166: add qword ptr [rax+0x8], r12
[TARGET] Found ADD instruction @0x7f4ec834d176
Instruction at 0x7f4ec834d176: add qword ptr [rax+0x8], r12
[TARGET] Found ADD instruction @0x7f4ec834d186
Instruction at 0x7f4ec834d186: add qword ptr [rax+0x8], r12
[TARGET] Found ADD instruction @0x7f4ec834d196
Instruction at 0x7f4ec834d196: add qword ptr [rax+0x8], r12
[TARGET] Found ADD instruction @0x7f4ec834d1a6
Instruction at 0x7f4ec834d1a6: add qword ptr [rax+0x8], r12
[TARGET] Found ADD instruction @0x7f4ec834d1b6
Instruction at 0x7f4ec834d1b6: add qword ptr [rax+0x8], r12
[TARGET] Found ADD instruction @0x7f4ec834d31d
Instruction at 0x7f4ec834d31d: add rdi, rax
[TARGET] Found ADD instruction @0x7f4ec834d5ee
Instruction at 0x7f4ec834d5ee: add rdi, rsi
[TARGET] Found ADD instruction @0x7f4ec834d31d
Instruction at 0x7f4ec834d31d: add rdi, rax
[TARGET] Found ADD instruction @0x7f4ec834d343
Instruction at 0x7f4ec834d343: add rdx, r12
[TARGET] Found ADD instruction @0x7f4ec834d354
Instruction at 0x7f4ec834d354: add rax, 0x18
[TARGET] Found ADD instruction @0x7f4ec834d358
Instruction at 0x7f4ec834d358: add rcx, r12
[TARGET] Found ADD instruction @0x7f4ec834d343
Instruction at 0x7f4ec834d343: add rdx, r12
[TARGET] Found ADD instruction @0x7f4ec834d354
Instruction at 0x7f4ec834d354: add rax, 0x18
[TARGET] Found ADD instruction @0x7f4ec834d358
Instruction at 0x7f4ec834d358: add rcx, r12
