=== Stable Bitflip Injector (No PIN_ExecuteAt Edition) ===
[TARGET] Found ADD instruction @0x7f54e8bb70d1
Instruction at 0x7f54e8bb70d1: add rdx, 0x10
[TARGET] Found ADD instruction @0x7f54e8bb70d1
Instruction at 0x7f54e8bb70d1: add rdx, 0x10
[TARGET] Found ADD instruction @0x7f54e8bb70d1
Instruction at 0x7f54e8bb70d1: add rdx, 0x10
[TARGET] Found ADD instruction @0x7f54e8bb7146
Instruction at 0x7f54e8bb7146: add qword ptr [rax+0x8], r12
[TARGET] Found ADD instruction @0x7f54e8bb7156
Instruction at 0x7f54e8bb7156: add qword ptr [rax+0x8], r12
[TARGET] Found ADD instruction @0x7f54e8bb7166
Instruction at 0x7f54e8bb7166: add qword ptr [rax+0x8], r12
[TARGET] Found ADD instruction @0x7f54e8bb7176
Instruction at 0x7f54e8bb7176: add qword ptr [rax+0x8], r12
[TARGET] Found ADD instruction @0x7f54e8bb7186
Instruction at 0x7f54e8bb7186: add qword ptr [rax+0x8], r12
[TARGET] Found ADD instruction @0x7f54e8bb7196
Instruction at 0x7f54e8bb7196: add qword ptr [rax+0x8], r12
[TARGET] Found ADD instruction @0x7f54e8bb71a6
Instruction at 0x7f54e8bb71a6: add qword ptr [rax+0x8], r12
[TARGET] Found ADD instruction @0x7f54e8bb71b6
Instruction at 0x7f54e8bb71b6: add qword ptr [rax+0x8], r12
[TARGET] Found ADD instruction @0x7f54e8bb731d
Instruction at 0x7f54e8bb731d: add rdi, rax
[TARGET] Found ADD instruction @0x7f54e8bb75ee
Instruction at 0x7f54e8bb75ee: add rdi, rsi
[TARGET] Found ADD instruction @0x7f54e8bb731d
Instruction at 0x7f54e8bb731d: add rdi, rax
[TARGET] Found ADD instruction @0x7f54e8bb7343
Instruction at 0x7f54e8bb7343: add rdx, r12
[TARGET] Found ADD instruction @0x7f54e8bb7354
Instruction at 0x7f54e8bb7354: add rax, 0x18
[TARGET] Found ADD instruction @0x7f54e8bb7358
Instruction at 0x7f54e8bb7358: add rcx, r12
[TARGET] Found ADD instruction @0x7f54e8bb7343
Instruction at 0x7f54e8bb7343: add rdx, r12
[TARGET] Found ADD instruction @0x7f54e8bb7354
Instruction at 0x7f54e8bb7354: add rax, 0x18
[TARGET] Found ADD instruction @0x7f54e8bb7358
Instruction at 0x7f54e8bb7358: add rcx, r12
