=== Stable Bitflip Injector (No PIN_ExecuteAt Edition) ===
[TARGET] Found ADD instruction @0x7f786d6720d1
Instruction at 0x7f786d6720d1: add rdx, 0x10
[TARGET] Found ADD instruction @0x7f786d6720d1
Instruction at 0x7f786d6720d1: add rdx, 0x10
[TARGET] Found ADD instruction @0x7f786d6720d1
Instruction at 0x7f786d6720d1: add rdx, 0x10
[TARGET] Found ADD instruction @0x7f786d672146
Instruction at 0x7f786d672146: add qword ptr [rax+0x8], r12
[TARGET] Found ADD instruction @0x7f786d672156
Instruction at 0x7f786d672156: add qword ptr [rax+0x8], r12
[TARGET] Found ADD instruction @0x7f786d672166
Instruction at 0x7f786d672166: add qword ptr [rax+0x8], r12
[TARGET] Found ADD instruction @0x7f786d672176
Instruction at 0x7f786d672176: add qword ptr [rax+0x8], r12
[TARGET] Found ADD instruction @0x7f786d672186
Instruction at 0x7f786d672186: add qword ptr [rax+0x8], r12
[TARGET] Found ADD instruction @0x7f786d672196
Instruction at 0x7f786d672196: add qword ptr [rax+0x8], r12
[TARGET] Found ADD instruction @0x7f786d6721a6
Instruction at 0x7f786d6721a6: add qword ptr [rax+0x8], r12
[TARGET] Found ADD instruction @0x7f786d6721b6
Instruction at 0x7f786d6721b6: add qword ptr [rax+0x8], r12
[TARGET] Found ADD instruction @0x7f786d67231d
Instruction at 0x7f786d67231d: add rdi, rax
[TARGET] Found ADD instruction @0x7f786d6725ee
Instruction at 0x7f786d6725ee: add rdi, rsi
[TARGET] Found ADD instruction @0x7f786d67231d
Instruction at 0x7f786d67231d: add rdi, rax
[TARGET] Found ADD instruction @0x7f786d672343
Instruction at 0x7f786d672343: add rdx, r12
[TARGET] Found ADD instruction @0x7f786d672354
Instruction at 0x7f786d672354: add rax, 0x18
[TARGET] Found ADD instruction @0x7f786d672358
Instruction at 0x7f786d672358: add rcx, r12
[TARGET] Found ADD instruction @0x7f786d672343
Instruction at 0x7f786d672343: add rdx, r12
[TARGET] Found ADD instruction @0x7f786d672354
Instruction at 0x7f786d672354: add rax, 0x18
[TARGET] Found ADD instruction @0x7f786d672358
Instruction at 0x7f786d672358: add rcx, r12
