=== Stable Bitflip Injector (No PIN_ExecuteAt Edition) ===
[TARGET] Found ADD instruction @0x7f2f2f3d60d1
Instruction at 0x7f2f2f3d60d1: add rdx, 0x10
[TARGET] Found ADD instruction @0x7f2f2f3d60d1
Instruction at 0x7f2f2f3d60d1: add rdx, 0x10
[TARGET] Found ADD instruction @0x7f2f2f3d60d1
Instruction at 0x7f2f2f3d60d1: add rdx, 0x10
[TARGET] Found ADD instruction @0x7f2f2f3d6146
Instruction at 0x7f2f2f3d6146: add qword ptr [rax+0x8], r12
[TARGET] Found ADD instruction @0x7f2f2f3d6156
Instruction at 0x7f2f2f3d6156: add qword ptr [rax+0x8], r12
[TARGET] Found ADD instruction @0x7f2f2f3d6166
Instruction at 0x7f2f2f3d6166: add qword ptr [rax+0x8], r12
[TARGET] Found ADD instruction @0x7f2f2f3d6176
Instruction at 0x7f2f2f3d6176: add qword ptr [rax+0x8], r12
[TARGET] Found ADD instruction @0x7f2f2f3d6186
Instruction at 0x7f2f2f3d6186: add qword ptr [rax+0x8], r12
[TARGET] Found ADD instruction @0x7f2f2f3d6196
Instruction at 0x7f2f2f3d6196: add qword ptr [rax+0x8], r12
[TARGET] Found ADD instruction @0x7f2f2f3d61a6
Instruction at 0x7f2f2f3d61a6: add qword ptr [rax+0x8], r12
[TARGET] Found ADD instruction @0x7f2f2f3d61b6
Instruction at 0x7f2f2f3d61b6: add qword ptr [rax+0x8], r12
[TARGET] Found ADD instruction @0x7f2f2f3d631d
Instruction at 0x7f2f2f3d631d: add rdi, rax
[TARGET] Found ADD instruction @0x7f2f2f3d65ee
Instruction at 0x7f2f2f3d65ee: add rdi, rsi
[TARGET] Found ADD instruction @0x7f2f2f3d631d
Instruction at 0x7f2f2f3d631d: add rdi, rax
[TARGET] Found ADD instruction @0x7f2f2f3d6343
Instruction at 0x7f2f2f3d6343: add rdx, r12
[TARGET] Found ADD instruction @0x7f2f2f3d6354
Instruction at 0x7f2f2f3d6354: add rax, 0x18
[TARGET] Found ADD instruction @0x7f2f2f3d6358
Instruction at 0x7f2f2f3d6358: add rcx, r12
[TARGET] Found ADD instruction @0x7f2f2f3d6343
Instruction at 0x7f2f2f3d6343: add rdx, r12
[TARGET] Found ADD instruction @0x7f2f2f3d6354
Instruction at 0x7f2f2f3d6354: add rax, 0x18
[TARGET] Found ADD instruction @0x7f2f2f3d6358
Instruction at 0x7f2f2f3d6358: add rcx, r12
