=== Stable Bitflip Injector (No PIN_ExecuteAt Edition) ===
[TARGET] Found ADD instruction @0x7ff97d6ec0d1
Instruction at 0x7ff97d6ec0d1: add rdx, 0x10
[TARGET] Found ADD instruction @0x7ff97d6ec0d1
Instruction at 0x7ff97d6ec0d1: add rdx, 0x10
[TARGET] Found ADD instruction @0x7ff97d6ec0d1
Instruction at 0x7ff97d6ec0d1: add rdx, 0x10
[TARGET] Found ADD instruction @0x7ff97d6ec146
Instruction at 0x7ff97d6ec146: add qword ptr [rax+0x8], r12
[TARGET] Found ADD instruction @0x7ff97d6ec156
Instruction at 0x7ff97d6ec156: add qword ptr [rax+0x8], r12
[TARGET] Found ADD instruction @0x7ff97d6ec166
Instruction at 0x7ff97d6ec166: add qword ptr [rax+0x8], r12
[TARGET] Found ADD instruction @0x7ff97d6ec176
Instruction at 0x7ff97d6ec176: add qword ptr [rax+0x8], r12
[TARGET] Found ADD instruction @0x7ff97d6ec186
Instruction at 0x7ff97d6ec186: add qword ptr [rax+0x8], r12
[TARGET] Found ADD instruction @0x7ff97d6ec196
Instruction at 0x7ff97d6ec196: add qword ptr [rax+0x8], r12
[TARGET] Found ADD instruction @0x7ff97d6ec1a6
Instruction at 0x7ff97d6ec1a6: add qword ptr [rax+0x8], r12
[TARGET] Found ADD instruction @0x7ff97d6ec1b6
Instruction at 0x7ff97d6ec1b6: add qword ptr [rax+0x8], r12
[TARGET] Found ADD instruction @0x7ff97d6ec31d
Instruction at 0x7ff97d6ec31d: add rdi, rax
[TARGET] Found ADD instruction @0x7ff97d6ec5ee
Instruction at 0x7ff97d6ec5ee: add rdi, rsi
[TARGET] Found ADD instruction @0x7ff97d6ec31d
Instruction at 0x7ff97d6ec31d: add rdi, rax
[TARGET] Found ADD instruction @0x7ff97d6ec343
Instruction at 0x7ff97d6ec343: add rdx, r12
[TARGET] Found ADD instruction @0x7ff97d6ec354
Instruction at 0x7ff97d6ec354: add rax, 0x18
[TARGET] Found ADD instruction @0x7ff97d6ec358
Instruction at 0x7ff97d6ec358: add rcx, r12
[TARGET] Found ADD instruction @0x7ff97d6ec343
Instruction at 0x7ff97d6ec343: add rdx, r12
[TARGET] Found ADD instruction @0x7ff97d6ec354
Instruction at 0x7ff97d6ec354: add rax, 0x18
[TARGET] Found ADD instruction @0x7ff97d6ec358
Instruction at 0x7ff97d6ec358: add rcx, r12
