=== Stable Bitflip Injector (No PIN_ExecuteAt Edition) ===
[TARGET] Found ADD instruction @0x7f9fb0b070d1
Instruction at 0x7f9fb0b070d1: add rdx, 0x10
[TARGET] Found ADD instruction @0x7f9fb0b070d1
Instruction at 0x7f9fb0b070d1: add rdx, 0x10
[TARGET] Found ADD instruction @0x7f9fb0b070d1
Instruction at 0x7f9fb0b070d1: add rdx, 0x10
[TARGET] Found ADD instruction @0x7f9fb0b07146
Instruction at 0x7f9fb0b07146: add qword ptr [rax+0x8], r12
[TARGET] Found ADD instruction @0x7f9fb0b07156
Instruction at 0x7f9fb0b07156: add qword ptr [rax+0x8], r12
[TARGET] Found ADD instruction @0x7f9fb0b07166
Instruction at 0x7f9fb0b07166: add qword ptr [rax+0x8], r12
[TARGET] Found ADD instruction @0x7f9fb0b07176
Instruction at 0x7f9fb0b07176: add qword ptr [rax+0x8], r12
[TARGET] Found ADD instruction @0x7f9fb0b07186
Instruction at 0x7f9fb0b07186: add qword ptr [rax+0x8], r12
[TARGET] Found ADD instruction @0x7f9fb0b07196
Instruction at 0x7f9fb0b07196: add qword ptr [rax+0x8], r12
[TARGET] Found ADD instruction @0x7f9fb0b071a6
Instruction at 0x7f9fb0b071a6: add qword ptr [rax+0x8], r12
[TARGET] Found ADD instruction @0x7f9fb0b071b6
Instruction at 0x7f9fb0b071b6: add qword ptr [rax+0x8], r12
[TARGET] Found ADD instruction @0x7f9fb0b0731d
Instruction at 0x7f9fb0b0731d: add rdi, rax
[TARGET] Found ADD instruction @0x7f9fb0b075ee
Instruction at 0x7f9fb0b075ee: add rdi, rsi
[TARGET] Found ADD instruction @0x7f9fb0b0731d
Instruction at 0x7f9fb0b0731d: add rdi, rax
[TARGET] Found ADD instruction @0x7f9fb0b07343
Instruction at 0x7f9fb0b07343: add rdx, r12
[TARGET] Found ADD instruction @0x7f9fb0b07354
Instruction at 0x7f9fb0b07354: add rax, 0x18
[TARGET] Found ADD instruction @0x7f9fb0b07358
Instruction at 0x7f9fb0b07358: add rcx, r12
[TARGET] Found ADD instruction @0x7f9fb0b07343
Instruction at 0x7f9fb0b07343: add rdx, r12
[TARGET] Found ADD instruction @0x7f9fb0b07354
Instruction at 0x7f9fb0b07354: add rax, 0x18
[TARGET] Found ADD instruction @0x7f9fb0b07358
Instruction at 0x7f9fb0b07358: add rcx, r12
