=== Stable Bitflip Injector (No PIN_ExecuteAt Edition) ===
[TARGET] Found ADD instruction @0x7f51520630d1
Instruction at 0x7f51520630d1: add rdx, 0x10
[TARGET] Found ADD instruction @0x7f51520630d1
Instruction at 0x7f51520630d1: add rdx, 0x10
[TARGET] Found ADD instruction @0x7f51520630d1
Instruction at 0x7f51520630d1: add rdx, 0x10
[TARGET] Found ADD instruction @0x7f5152063146
Instruction at 0x7f5152063146: add qword ptr [rax+0x8], r12
[TARGET] Found ADD instruction @0x7f5152063156
Instruction at 0x7f5152063156: add qword ptr [rax+0x8], r12
[TARGET] Found ADD instruction @0x7f5152063166
Instruction at 0x7f5152063166: add qword ptr [rax+0x8], r12
[TARGET] Found ADD instruction @0x7f5152063176
Instruction at 0x7f5152063176: add qword ptr [rax+0x8], r12
[TARGET] Found ADD instruction @0x7f5152063186
Instruction at 0x7f5152063186: add qword ptr [rax+0x8], r12
[TARGET] Found ADD instruction @0x7f5152063196
Instruction at 0x7f5152063196: add qword ptr [rax+0x8], r12
[TARGET] Found ADD instruction @0x7f51520631a6
Instruction at 0x7f51520631a6: add qword ptr [rax+0x8], r12
[TARGET] Found ADD instruction @0x7f51520631b6
Instruction at 0x7f51520631b6: add qword ptr [rax+0x8], r12
[TARGET] Found ADD instruction @0x7f515206331d
Instruction at 0x7f515206331d: add rdi, rax
[TARGET] Found ADD instruction @0x7f51520635ee
Instruction at 0x7f51520635ee: add rdi, rsi
[TARGET] Found ADD instruction @0x7f515206331d
Instruction at 0x7f515206331d: add rdi, rax
[TARGET] Found ADD instruction @0x7f5152063343
Instruction at 0x7f5152063343: add rdx, r12
[TARGET] Found ADD instruction @0x7f5152063354
Instruction at 0x7f5152063354: add rax, 0x18
[TARGET] Found ADD instruction @0x7f5152063358
Instruction at 0x7f5152063358: add rcx, r12
[TARGET] Found ADD instruction @0x7f5152063343
Instruction at 0x7f5152063343: add rdx, r12
[TARGET] Found ADD instruction @0x7f5152063354
Instruction at 0x7f5152063354: add rax, 0x18
[TARGET] Found ADD instruction @0x7f5152063358
Instruction at 0x7f5152063358: add rcx, r12
