=== Stable Bitflip Injector (No PIN_ExecuteAt Edition) ===
[TARGET] Found ADD instruction @0x7f251e4e30d1
Instruction at 0x7f251e4e30d1: add rdx, 0x10
[TARGET] Found ADD instruction @0x7f251e4e30d1
Instruction at 0x7f251e4e30d1: add rdx, 0x10
[TARGET] Found ADD instruction @0x7f251e4e30d1
Instruction at 0x7f251e4e30d1: add rdx, 0x10
[TARGET] Found ADD instruction @0x7f251e4e3146
Instruction at 0x7f251e4e3146: add qword ptr [rax+0x8], r12
[TARGET] Found ADD instruction @0x7f251e4e3156
Instruction at 0x7f251e4e3156: add qword ptr [rax+0x8], r12
[TARGET] Found ADD instruction @0x7f251e4e3166
Instruction at 0x7f251e4e3166: add qword ptr [rax+0x8], r12
[TARGET] Found ADD instruction @0x7f251e4e3176
Instruction at 0x7f251e4e3176: add qword ptr [rax+0x8], r12
[TARGET] Found ADD instruction @0x7f251e4e3186
Instruction at 0x7f251e4e3186: add qword ptr [rax+0x8], r12
[TARGET] Found ADD instruction @0x7f251e4e3196
Instruction at 0x7f251e4e3196: add qword ptr [rax+0x8], r12
[TARGET] Found ADD instruction @0x7f251e4e31a6
Instruction at 0x7f251e4e31a6: add qword ptr [rax+0x8], r12
[TARGET] Found ADD instruction @0x7f251e4e31b6
Instruction at 0x7f251e4e31b6: add qword ptr [rax+0x8], r12
[TARGET] Found ADD instruction @0x7f251e4e331d
Instruction at 0x7f251e4e331d: add rdi, rax
[TARGET] Found ADD instruction @0x7f251e4e35ee
Instruction at 0x7f251e4e35ee: add rdi, rsi
[TARGET] Found ADD instruction @0x7f251e4e331d
Instruction at 0x7f251e4e331d: add rdi, rax
[TARGET] Found ADD instruction @0x7f251e4e3343
Instruction at 0x7f251e4e3343: add rdx, r12
[TARGET] Found ADD instruction @0x7f251e4e3354
Instruction at 0x7f251e4e3354: add rax, 0x18
[TARGET] Found ADD instruction @0x7f251e4e3358
Instruction at 0x7f251e4e3358: add rcx, r12
[TARGET] Found ADD instruction @0x7f251e4e3343
Instruction at 0x7f251e4e3343: add rdx, r12
[TARGET] Found ADD instruction @0x7f251e4e3354
Instruction at 0x7f251e4e3354: add rax, 0x18
[TARGET] Found ADD instruction @0x7f251e4e3358
Instruction at 0x7f251e4e3358: add rcx, r12
